###############################################################################
#
# IAR ELF Linker V7.30.4.8167/W32 for ARM                 20/Jun/2015  15:02:53
# Copyright 2007-2014 IAR Systems AB.
#
#    Output file  =  
#        C:\Users\Vipin\Documents\GitHub\mpgl2\firmware_mpgl2\iar_7_20_1\Debug\Exe\mpgl2.out
#    Map file     =  
#        C:\Users\Vipin\Documents\GitHub\mpgl2\firmware_mpgl2\iar_7_20_1\Debug\List\mpgl2.map
#    Command line =  
#        C:\Users\Vipin\Documents\GitHub\mpgl2\firmware_mpgl2\iar_7_20_1\Debug\Obj\ant.o
#        C:\Users\Vipin\Documents\GitHub\mpgl2\firmware_mpgl2\iar_7_20_1\Debug\Obj\ant_api.o
#        C:\Users\Vipin\Documents\GitHub\mpgl2\firmware_mpgl2\iar_7_20_1\Debug\Obj\board_cstartup_iar.o
#        C:\Users\Vipin\Documents\GitHub\mpgl2\firmware_mpgl2\iar_7_20_1\Debug\Obj\buttons.o
#        C:\Users\Vipin\Documents\GitHub\mpgl2\firmware_mpgl2\iar_7_20_1\Debug\Obj\captouch.o
#        C:\Users\Vipin\Documents\GitHub\mpgl2\firmware_mpgl2\iar_7_20_1\Debug\Obj\core_cm3.o
#        C:\Users\Vipin\Documents\GitHub\mpgl2\firmware_mpgl2\iar_7_20_1\Debug\Obj\debug.o
#        C:\Users\Vipin\Documents\GitHub\mpgl2\firmware_mpgl2\iar_7_20_1\Debug\Obj\exceptions.o
#        C:\Users\Vipin\Documents\GitHub\mpgl2\firmware_mpgl2\iar_7_20_1\Debug\Obj\interrupts.o
#        C:\Users\Vipin\Documents\GitHub\mpgl2\firmware_mpgl2\iar_7_20_1\Debug\Obj\lcd_bitmaps.o
#        C:\Users\Vipin\Documents\GitHub\mpgl2\firmware_mpgl2\iar_7_20_1\Debug\Obj\lcd_NHD-C12864LZ.o
#        C:\Users\Vipin\Documents\GitHub\mpgl2\firmware_mpgl2\iar_7_20_1\Debug\Obj\leds.o
#        C:\Users\Vipin\Documents\GitHub\mpgl2\firmware_mpgl2\libraries\captouch\bin\libsam3u-32qt-k-8rs-iar.a
#        C:\Users\Vipin\Documents\GitHub\mpgl2\firmware_mpgl2\iar_7_20_1\Debug\Obj\main.o
#        C:\Users\Vipin\Documents\GitHub\mpgl2\firmware_mpgl2\iar_7_20_1\Debug\Obj\messaging.o
#        C:\Users\Vipin\Documents\GitHub\mpgl2\firmware_mpgl2\iar_7_20_1\Debug\Obj\mpgl2-ehdw-02.o
#        C:\Users\Vipin\Documents\GitHub\mpgl2\firmware_mpgl2\iar_7_20_1\Debug\Obj\mpgl2_board_test.o
#        C:\Users\Vipin\Documents\GitHub\mpgl2\firmware_mpgl2\iar_7_20_1\Debug\Obj\sam3u_ssp.o
#        C:\Users\Vipin\Documents\GitHub\mpgl2\firmware_mpgl2\iar_7_20_1\Debug\Obj\sam3u_uart.o
#        C:\Users\Vipin\Documents\GitHub\mpgl2\firmware_mpgl2\iar_7_20_1\Debug\Obj\utilities.o
#        --redirect _Printf=_PrintfTiny --redirect _Scanf=_ScanfSmallNoMb -o
#        C:\Users\Vipin\Documents\GitHub\mpgl2\firmware_mpgl2\iar_7_20_1\Debug\Exe\mpgl2.out
#        --map
#        C:\Users\Vipin\Documents\GitHub\mpgl2\firmware_mpgl2\iar_7_20_1\Debug\List\mpgl2.map
#        --log initialization,modules,sections --log_file
#        C:\Users\Vipin\Documents\GitHub\mpgl2\firmware_mpgl2\iar_7_20_1\Debug\List\mpgl2.log
#        --config
#        C:\Users\Vipin\Documents\GitHub\mpgl2\firmware_mpgl2\iar_7_20_1\..\..\firmware_mpg_common\sam3u2-flash.icf
#        --semihosting --entry __iar_program_start --vfe
#
###############################################################################

*******************************************************************************
*** RUNTIME MODEL ATTRIBUTES
***

CppFlavor       = *
__Heap_Handler  = Basic
__SystemLibrary = DLib


*******************************************************************************
*** PLACEMENT SUMMARY
***

"A1":  place at 0x00080000 { ro section .intvec };
"P1":  place in [from 0x00080000 to 0x0009ffff] { ro };
"P2":  place in [from 0x20000000 to 0x20003fff] { rw, block HEAP };
"P3":  place in [from 0x20080000 to 0x20083fff] { block CSTACK };

  Section            Kind        Address    Size  Object
  -------            ----        -------    ----  ------
"A1":                                       0xbc
  .intvec                     0x00080000    0xbc  <Block>
    .intvec          const    0x00080000    0xbc  board_cstartup_iar.o [1]
                            - 0x000800bc    0xbc

"P1":                                     0x683c
  .text              ro code  0x000800bc   0xe92  ant.o [1]
  .text              ro code  0x00080f4e    0x2e  copy_init3.o [5]
  .text              ro code  0x00080f7c    0x64  utilities.o [1]
  .text              ro code  0x00080fe0    0x76  ABImemcpy_unaligned.o [5]
  .text              ro code  0x00081056    0x22  zero_init3.o [5]
  .text              ro code  0x00081078   0x6a4  debug.o [1]
  .text              ro code  0x0008171c   0x904  sam3u_ssp.o [1]
  .text              ro code  0x00082020   0x29c  messaging.o [1]
  .text              ro code  0x000822bc    0xb0  xxmemxmalloc.o [3]
  .text              ro code  0x0008236c    0x80  xxmemxfree.o [3]
  .text              ro code  0x000823ec   0x578  sam3u_uart.o [1]
  .text              ro code  0x00082964   0x304  leds.o [1]
  .text              ro code  0x00082c68    0x66  ABImemset.o [5]
  .rodata            const    0x00082cce     0x2  debug.o [1]
  .text              ro code  0x00082cd0    0x2c  xgetmemchunk.o [3]
  .text              ro code  0x00082cfc   0x95c  lcd_NHD-C12864LZ.o [1]
  .text              ro code  0x00083658    0x36  strlen.o [5]
  SAM_QTOUCH         ro code  0x00083690   0x4d0  burst_10_AA_BB.o [4]
  SAM_QTOUCH         ro code  0x00083b60   0x20c  touch_api.o [4]
  SAM_QTOUCH         ro code  0x00083d6c   0x444  touch_process.o [4]
  SAM_QTOUCH         ro code  0x000841b0    0x60  touch_burst_qt.o [4]
  SAM_QTOUCH         ro code  0x00084210   0x360  touch_rs_qt.o [4]
  .text              ro code  0x00084570   0x428  mpgl2_board_test.o [1]
  .text              ro code  0x00084998   0x254  captouch.o [1]
  .text              ro code  0x00084bec   0x2d8  ant_api.o [1]
  .text              ro code  0x00084ec4   0x400  mpgl2-ehdw-02.o [1]
  .text              ro code  0x000852c4   0x294  buttons.o [1]
  .rodata            const    0x00085558   0x2a0  lcd_bitmaps.o [1]
  .text              ro code  0x000857f8   0x1dc  interrupts.o [1]
  .rodata            const    0x000859d4   0x160  lcd_bitmaps.o [1]
  SAM_QTOUCH         ro code  0x00085b34   0x148  calc_masks.o [4]
  .rodata            const    0x00085c7c   0x118  lcd_bitmaps.o [1]
  .text              ro code  0x00085d94    0xb4  main.o [1]
  .rodata            const    0x00085e48    0x64  lcd_bitmaps.o [1]
  .rodata            const    0x00085eac    0x64  lcd_bitmaps.o [1]
  .rodata            const    0x00085f10    0x64  lcd_bitmaps.o [1]
  .rodata            const    0x00085f74    0x64  lcd_bitmaps.o [1]
  .rodata            const    0x00085fd8    0x48  debug.o [1]
  .rodata            const    0x00086020    0x48  debug.o [1]
  .text              ro code  0x00086068    0x40  exceptions.o [1]
  .rodata            const    0x000860a8    0x2c  ant.o [1]
  .rodata            const    0x000860d4    0x28  ant.o [1]
  .text              ro code  0x000860fc    0x28  data_init.o [5]
  .rodata            const    0x00086124    0x24  ant.o [1]
  .rodata            const    0x00086148    0x24  captouch.o [1]
  .rodata            const    0x0008616c    0x24  debug.o [1]
  .rodata            const    0x00086190    0x24  debug.o [1]
  .rodata            const    0x000861b4    0x24  debug.o [1]
  .rodata            const    0x000861d8    0x24  debug.o [1]
  .rodata            const    0x000861fc    0x24  debug.o [1]
  .rodata            const    0x00086220    0x24  debug.o [1]
  .rodata            const    0x00086244    0x24  debug.o [1]
  .rodata            const    0x00086268    0x24  debug.o [1]
  .rodata            const    0x0008628c    0x24  debug.o [1]
  .iar.init_table    const    0x000862b0    0x24  - Linker created -
  .rodata            const    0x000862d4    0x20  interrupts.o [1]
  .rodata            const    0x000862f4    0x20  mpgl2_board_test.o [1]
  .rodata            const    0x00086314    0x20  sam3u_uart.o [1]
  .rodata            const    0x00086334    0x1c  ant.o [1]
  .rodata            const    0x00086350    0x1c  debug.o [1]
  .rodata            const    0x0008636c    0x1c  debug.o [1]
  .text              ro code  0x00086388    0x1a  cmain.o [5]
  .text              ro code  0x000863a4    0x14  board_cstartup_iar.o [1]
  .text              ro code  0x000863b8     0x4  exit.o [3]
  .text              ro code  0x000863bc     0xa  cexit.o [5]
  .text              ro code  0x000863c8    0x14  exit.o [6]
  .rodata            const    0x000863dc    0x18  ant.o [1]
  .rodata            const    0x000863f4    0x18  captouch.o [1]
  .rodata            const    0x0008640c    0x14  ant.o [1]
  .rodata            const    0x00086420    0x14  ant.o [1]
  .rodata            const    0x00086434    0x14  ant.o [1]
  .rodata            const    0x00086448    0x14  captouch.o [1]
  .rodata            const    0x0008645c    0x10  captouch.o [1]
  .rodata            const    0x0008646c     0xc  captouch.o [1]
  .rodata            const    0x00086478     0xc  debug.o [1]
  .rodata            const    0x00086484     0xc  debug.o [1]
  .text              ro code  0x00086490     0xc  cstartup_M.o [5]
  .rodata            const    0x0008649c     0x8  ant.o [1]
  .rodata            const    0x000864a4     0x8  ant_api.o [1]
  .rodata            const    0x000864ac     0x8  ant_api.o [1]
  .rodata            const    0x000864b4     0x8  ant_api.o [1]
  .rodata            const    0x000864bc     0x8  ant_api.o [1]
  .rodata            const    0x000864c4     0x8  ant_api.o [1]
  .rodata            const    0x000864cc     0x8  buttons.o [1]
  .rodata            const    0x000864d4     0x8  debug.o [1]
  .rodata            const    0x000864dc     0x4  ant_api.o [1]
  .rodata            const    0x000864e0     0x4  ant_api.o [1]
  .rodata            const    0x000864e4     0x0  zero_init3.o [5]
  .rodata            const    0x000864e4     0x0  copy_init3.o [5]
  Initializer bytes  const    0x000864e4   0x414  <for P2 s0>
                            - 0x000868f8  0x683c

"P2":                                     0x3bf0
  P2 s0                       0x20000000   0x414  <Init block>
    .data            inited   0x20000000    0x84  leds.o [1]
    .data            inited   0x20000084    0x64  ant.o [1]
    .data            inited   0x200000e8    0x40  ant.o [1]
    .data            inited   0x20000128    0x40  debug.o [1]
    .data            inited   0x20000168    0x40  debug.o [1]
    .data            inited   0x200001a8    0x34  leds.o [1]
    .data            inited   0x200001dc    0x20  ant.o [1]
    .data            inited   0x200001fc    0x20  ant.o [1]
    .data            inited   0x2000021c    0x20  debug.o [1]
    .data            inited   0x2000023c    0x20  mpgl2-ehdw-02.o [1]
    .data            inited   0x2000025c    0x1c  ant.o [1]
    .data            inited   0x20000278    0x18  ant.o [1]
    .data            inited   0x20000290    0x18  ant.o [1]
    .data            inited   0x200002a8    0x18  debug.o [1]
    .data            inited   0x200002c0    0x18  leds.o [1]
    .data            inited   0x200002d8    0x18  sam3u_ssp.o [1]
    .data            inited   0x200002f0    0x18  sam3u_ssp.o [1]
    .data            inited   0x20000308    0x14  ant.o [1]
    .data            inited   0x2000031c    0x14  ant.o [1]
    .data            inited   0x20000330    0x14  ant.o [1]
    .data            inited   0x20000344    0x14  ant.o [1]
    .data            inited   0x20000358    0x14  buttons.o [1]
    .data            inited   0x2000036c    0x14  debug.o [1]
    .data            inited   0x20000380    0x10  captouch.o [1]
    .data            inited   0x20000390     0xc  ant_api.o [1]
    .data            inited   0x2000039c     0xc  lcd_NHD-C12864LZ.o [1]
    .data            inited   0x200003a8     0xc  lcd_NHD-C12864LZ.o [1]
    .data            inited   0x200003b4     0xc  lcd_NHD-C12864LZ.o [1]
    .data            inited   0x200003c0     0xc  mpgl2_board_test.o [1]
    .data            inited   0x200003cc     0x8  ant.o [1]
    .data            inited   0x200003d4     0x8  ant.o [1]
    .data            inited   0x200003dc     0x8  debug.o [1]
    .data            inited   0x200003e4     0x8  lcd_NHD-C12864LZ.o [1]
    .data            inited   0x200003ec     0x8  utilities.o [1]
    .data            inited   0x200003f4     0x8  utilities.o [1]
    .data            inited   0x200003fc     0x8  utilities.o [1]
    .data            inited   0x20000404     0x4  buttons.o [1]
    .data            inited   0x20000408     0x4  debug.o [1]
    .data            inited   0x2000040c     0x4  messaging.o [1]
    .data            inited   0x20000410     0x2  interrupts.o [1]
    .data            inited   0x20000412     0x1  debug.o [1]
    .data            inited   0x20000413     0x1  touch_api.o [4]
  .bss               zero     0x20000414   0x900  messaging.o [1]
  .bss               zero     0x20000d14   0x400  lcd_NHD-C12864LZ.o [1]
  .bss               zero     0x20001114   0x300  messaging.o [1]
  .bss               zero     0x20001414   0x100  ant.o [1]
  .bss               zero     0x20001514   0x100  touch_process.o [4]
  .bss               zero     0x20001614    0x90  touch_api.o [4]
  .bss               zero     0x200016a4    0x80  debug.o [1]
  .bss               zero     0x20001724    0x80  lcd_NHD-C12864LZ.o [1]
  .bss               zero     0x200017a4    0x80  sam3u_ssp.o [1]
  .bss               zero     0x20001824    0x40  debug.o [1]
  .bss               zero     0x20001864    0x34  sam3u_ssp.o [1]
  .bss               zero     0x20001898    0x34  sam3u_ssp.o [1]
  .bss               zero     0x200018cc    0x34  sam3u_ssp.o [1]
  .bss               zero     0x20001900    0x28  touch_rs_qt.o [4]
  .bss               zero     0x20001928    0x24  ant.o [1]
  .bss               zero     0x2000194c    0x24  lcd_NHD-C12864LZ.o [1]
  .bss               zero     0x20001970    0x24  sam3u_uart.o [1]
  .bss               zero     0x20001994    0x24  sam3u_uart.o [1]
  .bss               zero     0x200019b8    0x24  sam3u_uart.o [1]
  .bss               zero     0x200019dc    0x24  sam3u_uart.o [1]
  .bss               zero     0x20001a00    0x24  touch_process.o [4]
  .bss               zero     0x20001a24    0x20  touch_burst_qt.o [4]
  .bss               zero     0x20001a44    0x14  touch_api.o [4]
  .bss               zero     0x20001a58     0xc  ant.o [1]
  .bss               zero     0x20001a64     0xc  ant.o [1]
  .bss               zero     0x20001a70     0x8  ant_api.o [1]
  .bss               zero     0x20001a78     0x8  buttons.o [1]
  .bss               zero     0x20001a80     0x8  buttons.o [1]
  .bss               zero     0x20001a88     0x8  lcd_NHD-C12864LZ.o [1]
  .bss               zero     0x20001a90     0x8  lcd_NHD-C12864LZ.o [1]
  .bss               zero     0x20001a98     0x8  mpgl2_board_test.o [1]
  .bss               zero     0x20001aa0     0x8  mpgl2_board_test.o [1]
  .bss               zero     0x20001aa8     0x8  xxmemxmalloc.o [3]
  .bss               zero     0x20001ab0     0x4  ant.o [1]
  .bss               zero     0x20001ab4     0x4  ant.o [1]
  .bss               zero     0x20001ab8     0x4  ant.o [1]
  .bss               zero     0x20001abc     0x4  ant.o [1]
  .bss               zero     0x20001ac0     0x4  ant.o [1]
  .bss               zero     0x20001ac4     0x4  ant.o [1]
  .bss               zero     0x20001ac8     0x4  ant.o [1]
  .bss               zero     0x20001acc     0x4  ant.o [1]
  .bss               zero     0x20001ad0     0x4  ant.o [1]
  .bss               zero     0x20001ad4     0x4  ant.o [1]
  .bss               zero     0x20001ad8     0x4  ant.o [1]
  .bss               zero     0x20001adc     0x4  ant.o [1]
  .bss               zero     0x20001ae0     0x4  ant.o [1]
  .bss               zero     0x20001ae4     0x4  ant.o [1]
  .bss               zero     0x20001ae8     0x4  ant.o [1]
  .bss               zero     0x20001aec     0x4  ant.o [1]
  .bss               zero     0x20001af0     0x4  ant.o [1]
  .bss               zero     0x20001af4     0x4  ant.o [1]
  .bss               zero     0x20001af8     0x4  ant_api.o [1]
  .bss               zero     0x20001afc     0x4  buttons.o [1]
  .bss               zero     0x20001b00     0x4  captouch.o [1]
  .bss               zero     0x20001b04     0x4  captouch.o [1]
  .bss               zero     0x20001b08     0x4  captouch.o [1]
  .bss               zero     0x20001b0c     0x4  debug.o [1]
  .bss               zero     0x20001b10     0x4  debug.o [1]
  .bss               zero     0x20001b14     0x4  debug.o [1]
  .bss               zero     0x20001b18     0x4  debug.o [1]
  .bss               zero     0x20001b1c     0x4  debug.o [1]
  .bss               zero     0x20001b20     0x4  debug.o [1]
  .bss               zero     0x20001b24     0x4  debug.o [1]
  .bss               zero     0x20001b28     0x4  lcd_NHD-C12864LZ.o [1]
  .bss               zero     0x20001b2c     0x4  lcd_NHD-C12864LZ.o [1]
  .bss               zero     0x20001b30     0x4  lcd_NHD-C12864LZ.o [1]
  .bss               zero     0x20001b34     0x4  lcd_NHD-C12864LZ.o [1]
  .bss               zero     0x20001b38     0x4  lcd_NHD-C12864LZ.o [1]
  .bss               zero     0x20001b3c     0x4  lcd_NHD-C12864LZ.o [1]
  .bss               zero     0x20001b40     0x4  lcd_NHD-C12864LZ.o [1]
  .bss               zero     0x20001b44     0x4  lcd_NHD-C12864LZ.o [1]
  .bss               zero     0x20001b48     0x4  main.o [1]
  .bss               zero     0x20001b4c     0x4  main.o [1]
  .bss               zero     0x20001b50     0x4  messaging.o [1]
  .bss               zero     0x20001b54     0x4  messaging.o [1]
  .bss               zero     0x20001b58     0x4  messaging.o [1]
  .bss               zero     0x20001b5c     0x4  messaging.o [1]
  .bss               zero     0x20001b60     0x4  mpgl2-ehdw-02.o [1]
  .bss               zero     0x20001b64     0x4  mpgl2-ehdw-02.o [1]
  .bss               zero     0x20001b68     0x4  mpgl2-ehdw-02.o [1]
  .bss               zero     0x20001b6c     0x4  mpgl2-ehdw-02.o [1]
  .bss               zero     0x20001b70     0x4  mpgl2_board_test.o [1]
  .bss               zero     0x20001b74     0x4  mpgl2_board_test.o [1]
  .bss               zero     0x20001b78     0x4  mpgl2_board_test.o [1]
  .bss               zero     0x20001b7c     0x4  sam3u_ssp.o [1]
  .bss               zero     0x20001b80     0x4  sam3u_ssp.o [1]
  .bss               zero     0x20001b84     0x4  sam3u_ssp.o [1]
  .bss               zero     0x20001b88     0x4  sam3u_ssp.o [1]
  .bss               zero     0x20001b8c     0x4  sam3u_ssp.o [1]
  .bss               zero     0x20001b90     0x4  sam3u_ssp.o [1]
  .bss               zero     0x20001b94     0x4  sam3u_ssp.o [1]
  .bss               zero     0x20001b98     0x4  sam3u_ssp.o [1]
  .bss               zero     0x20001b9c     0x4  sam3u_ssp.o [1]
  .bss               zero     0x20001ba0     0x4  sam3u_ssp.o [1]
  .bss               zero     0x20001ba4     0x4  sam3u_ssp.o [1]
  .bss               zero     0x20001ba8     0x4  sam3u_uart.o [1]
  .bss               zero     0x20001bac     0x4  sam3u_uart.o [1]
  .bss               zero     0x20001bb0     0x4  sam3u_uart.o [1]
  .bss               zero     0x20001bb4     0x4  sam3u_uart.o [1]
  .bss               zero     0x20001bb8     0x4  sam3u_uart.o [1]
  .bss               zero     0x20001bbc     0x4  sam3u_uart.o [1]
  .bss               zero     0x20001bc0     0x4  sam3u_uart.o [1]
  .bss               zero     0x20001bc4     0x4  sam3u_uart.o [1]
  .bss               zero     0x20001bc8     0x4  sam3u_uart.o [1]
  .bss               zero     0x20001bcc     0x4  sam3u_uart.o [1]
  .bss               zero     0x20001bd0     0x4  xgetmemchunk.o [3]
  .bss               zero     0x20001bd4     0x2  buttons.o [1]
  .bss               zero     0x20001bd6     0x2  buttons.o [1]
  .bss               zero     0x20001bd8     0x2  buttons.o [1]
  .bss               zero     0x20001bda     0x2  buttons.o [1]
  .bss               zero     0x20001bdc     0x2  debug.o [1]
  .bss               zero     0x20001bde     0x1  ant.o [1]
  .bss               zero     0x20001bdf     0x1  ant.o [1]
  .bss               zero     0x20001be0     0x1  ant.o [1]
  .bss               zero     0x20001be1     0x1  ant.o [1]
  .bss               zero     0x20001be2     0x1  ant_api.o [1]
  .bss               zero     0x20001be3     0x1  captouch.o [1]
  .bss               zero     0x20001be4     0x1  captouch.o [1]
  .bss               zero     0x20001be5     0x1  debug.o [1]
  .bss               zero     0x20001be6     0x1  debug.o [1]
  .bss               zero     0x20001be7     0x1  lcd_NHD-C12864LZ.o [1]
  .bss               zero     0x20001be8     0x1  lcd_NHD-C12864LZ.o [1]
  .bss               zero     0x20001be9     0x1  lcd_NHD-C12864LZ.o [1]
  .bss               zero     0x20001bea     0x1  messaging.o [1]
  .bss               zero     0x20001beb     0x1  mpgl2_board_test.o [1]
  .bss               zero     0x20001bec     0x1  sam3u_uart.o [1]
  .bss               zero     0x20001bed     0x1  burst_10_AA_BB.o [4]
  .bss               zero     0x20001bee     0x1  touch_rs_qt.o [4]
  HEAP                        0x20001bf0  0x2000  <Block>
    HEAP             uninit   0x20001bf0  0x2000  <Block tail>
                            - 0x20003bf0  0x3bf0

"P3":                                     0x2000
  CSTACK                      0x20080000  0x2000  <Block>
    CSTACK           uninit   0x20080000  0x2000  <Block tail>
                            - 0x20082000  0x2000


*******************************************************************************
*** INIT TABLE
***

          Address     Size
          -------     ----
Zero (__iar_zero_init3)
    1 destination range, total size 0x17db:
          0x20000414  0x17db

Copy (__iar_copy_init3)
    1 source range, total size 0x414:
          0x000864e4   0x414
    1 destination range, total size 0x414:
          0x20000000   0x414



*******************************************************************************
*** MODULE SUMMARY
***

    Module                 ro code  ro data  rw data
    ------                 -------  -------  -------
C:\Users\Vipin\Documents\GitHub\mpgl2\firmware_mpgl2\iar_7_20_1\Debug\Obj: [1]
    ant.o                    3 730      640      792
    ant_api.o                  728       60       25
    board_cstartup_iar.o        20      188
    buttons.o                  660       32       52
    captouch.o                 596      124       30
    debug.o                  1 700      775      441
    exceptions.o                64
    interrupts.o               476       34        2
    lcd_NHD-C12864LZ.o       2 396       44    1 283
    lcd_bitmaps.o                     1 704
    leds.o                     772      208      208
    main.o                     180                 8
    messaging.o                668        4    3 093
    mpgl2-ehdw-02.o          1 024       32       48
    mpgl2_board_test.o       1 064       44       41
    sam3u_ssp.o              2 308       48      376
    sam3u_uart.o             1 400       32      185
    utilities.o                100       24       24
    ------------------------------------------------
    Total:                  17 886    3 993    6 608

command line: [2]
    ------------------------------------------------
    Total:

dl7M_tln.a: [3]
    exit.o                       4
    xgetmemchunk.o              44                 4
    xxmemxfree.o               128
    xxmemxmalloc.o             176                 8
    ------------------------------------------------
    Total:                     352                12

libsam3u-32qt-k-8rs-iar.a: [4]
    burst_10_AA_BB.o         1 232                 1
    calc_masks.o               328
    touch_api.o                524        1      165
    touch_burst_qt.o            96                32
    touch_process.o          1 092               292
    touch_rs_qt.o              864                41
    ------------------------------------------------
    Total:                   4 136        1      531

rt7M_tl.a: [5]
    ABImemcpy_unaligned.o      118
    ABImemset.o                102
    cexit.o                     10
    cmain.o                     26
    copy_init3.o                46
    cstartup_M.o                12
    data_init.o                 40
    strlen.o                    54
    zero_init3.o                34
    ------------------------------------------------
    Total:                     442

shb_l.a: [6]
    exit.o                      20
    ------------------------------------------------
    Total:                      20

    Gaps                         6
    Linker created                       36   16 384
----------------------------------------------------
    Grand Total:            22 842    4 030   23 535


*******************************************************************************
*** ENTRY LIST
***

Entry                      Address   Size  Type      Object
-----                      -------   ----  ----      ------
.iar.init_table$$Base   0x000862b0          --   Gb  - Linker created -
.iar.init_table$$Limit  0x000862d4          --   Gb  - Linker created -
.intvec$$Base           0x00080000          --   Gb  - Linker created -
.intvec$$Limit          0x000800bc          --   Gb  - Linker created -
?main                   0x00086389         Code  Gb  cmain.o [5]
ADCC0_IrqHandler        0x000860a1    0x2  Code  Wk  exceptions.o [1]
ADCC1_IrqHandler        0x000860a3    0x2  Code  Wk  exceptions.o [1]
AddNewMessageStatus     0x00082241   0x34  Code  Lc  messaging.o [1]
AdvanceAntRxBufferCurrentChar
                        0x000803d7   0x28  Code  Lc  ant.o [1]
AdvanceAntRxBufferUnreadMsgPointer
                        0x000803ff   0x28  Code  Lc  ant.o [1]
AntAbortMessage         0x000803ab   0x2c  Code  Lc  ant.o [1]
AntCalculateTxChecksum  0x000808e5   0x24  Code  Gb  ant.o [1]
AntChannelConfig        0x00084bed  0x1aa  Code  Gb  ant_api.o [1]
AntCloseChannel         0x00084dbb   0x24  Code  Gb  ant_api.o [1]
AntDeQueueApplicationMessage
                        0x000809bd   0x2a  Code  Gb  ant.o [1]
AntDeQueueOutgoingMessage
                        0x00080d41   0x22  Code  Lc  ant.o [1]
AntExpectResponse       0x0008075b   0xf8  Code  Gb  ant.o [1]
AntInitialize           0x00080427  0x180  Code  Gb  ant.o [1]
AntOpenChannel          0x00084d97   0x24  Code  Gb  ant_api.o [1]
AntProcessMessage       0x000809ed  0x250  Code  Lc  ant.o [1]
AntQueueApplicationMessage
                        0x00080c99   0x9c  Code  Lc  ant.o [1]
AntQueueBroadcastMessage
                        0x00084dfb   0x36  Code  Gb  ant_api.o [1]
AntQueueOutgoingMessage
                        0x00080909   0xb4  Code  Gb  ant.o [1]
AntRadioStatus          0x00084ddf   0x1c  Code  Gb  ant_api.o [1]
AntReadData             0x00084e31   0x48  Code  Gb  ant_api.o [1]
AntRunActiveState       0x000805a7    0xc  Code  Gb  ant.o [1]
AntRxFlowControlCallback
                        0x00080885   0x60  Code  Gb  ant.o [1]
AntRxMessage            0x000801b3  0x1f8  Code  Lc  ant.o [1]
AntSM_Idle              0x00080d6d   0x92  Code  Gb  ant.o [1]
AntSM_NoResponse        0x00080f4d    0x2  Code  Gb  ant.o [1]
AntSM_ReceiveMessage    0x00080e05   0x24  Code  Gb  ant.o [1]
AntSM_TransmitMessage   0x00080e41   0x3e  Code  Gb  ant.o [1]
AntSyncSerialInitialize
                        0x000800bd   0xf6  Code  Lc  ant.o [1]
AntTick                 0x00080c3d   0x44  Code  Lc  ant.o [1]
AntTxFlowControlCallback
                        0x00080855   0x30  Code  Gb  ant.o [1]
AntTxMessage            0x000805b3  0x1a8  Code  Gb  ant.o [1]
Ant_DebugProcessRxMessages
                        0x20001af0    0x4  Data  Lc  ant.o [1]
Ant_DebugQueuedDataMessages
                        0x20001af4    0x4  Data  Lc  ant.o [1]
Ant_DebugRxMessageCounter
                        0x20001ae8    0x4  Data  Lc  ant.o [1]
Ant_DebugTotalRxMessages
                        0x20001aec    0x4  Data  Lc  ant.o [1]
Ant_Ssp                 0x20001ad4    0x4  Data  Lc  ant.o [1]
Ant_au8AntRxBuffer      0x20001414  0x100  Data  Lc  ant.o [1]
Ant_pfnStateMachine     0x20001ab8    0x4  Data  Lc  ant.o [1]
Ant_psDataOutgoingMsgList
                        0x20001ae4    0x4  Data  Lc  ant.o [1]
Ant_pu8AntRxBufferCurrentChar
                        0x20001adc    0x4  Data  Lc  ant.o [1]
Ant_pu8AntRxBufferNextChar
                        0x20001ad8    0x4  Data  Lc  ant.o [1]
Ant_pu8AntRxBufferUnreadMsg
                        0x20001ae0    0x4  Data  Lc  ant.o [1]
Ant_sSspConfig          0x20001928   0x24  Data  Lc  ant.o [1]
Ant_u32CurrentTxMessageToken
                        0x20001ad0    0x4  Data  Lc  ant.o [1]
Ant_u32RxByteCounter    0x20001ac8    0x4  Data  Lc  ant.o [1]
Ant_u32RxTimeoutCounter
                        0x20001abc    0x4  Data  Lc  ant.o [1]
Ant_u32TxByteCounter    0x20001ac4    0x4  Data  Lc  ant.o [1]
Ant_u32TxTimeoutCounter
                        0x20001ac0    0x4  Data  Lc  ant.o [1]
Ant_u32UnexpectedByteCounter
                        0x20001acc    0x4  Data  Lc  ant.o [1]
Ant_u8AntNewRxMessages  0x20001bde    0x1  Data  Lc  ant.o [1]
Ant_u8AntVersion        0x20001a64    0xc  Data  Lc  ant.o [1]
Ant_u8SlaveMissedMessageHigh
                        0x20001bdf    0x1  Data  Lc  ant.o [1]
Ant_u8SlaveMissedMessageLow
                        0x20001be1    0x1  Data  Lc  ant.o [1]
Ant_u8SlaveMissedMessageMid
                        0x20001be0    0x1  Data  Lc  ant.o [1]
BoardTestInitialize     0x00084571  0x11a  Code  Gb  mpgl2_board_test.o [1]
BoardTestRunActiveState
                        0x0008468b    0xa  Code  Gb  mpgl2_board_test.o [1]
BoardTestSM_Idle        0x00084709  0x222  Code  Lc  mpgl2_board_test.o [1]
BoardTestSM_WaitPixelTestOff
                        0x00084941   0x14  Code  Lc  mpgl2_board_test.o [1]
BoardTestSM_WaitPixelTestOn
                        0x0008492d   0x14  Code  Lc  mpgl2_board_test.o [1]
BoardTestUpdateLogoPosition
                        0x00084695   0x72  Code  Gb  mpgl2_board_test.o [1]
BoardTest_pfnStateMachine
                        0x20001b70    0x4  Data  Lc  mpgl2_board_test.o [1]
BoardTest_sTestLogoPixelBlock
                        0x20001a98    0x8  Data  Lc  mpgl2_board_test.o [1]
BoardTest_u32Flags      0x20001b74    0x4  Data  Lc  mpgl2_board_test.o [1]
Bsp_u32TimingViolationsCounter
                        0x20001b68    0x4  Data  Lc  mpgl2-ehdw-02.o [1]
BusFault_Handler        0x0008606f    0x2  Code  Wk  exceptions.o [1]
ButtonAcknowledge       0x000852ff    0x8  Code  Gb  buttons.o [1]
ButtonInitialize        0x00085307   0xb0  Code  Gb  buttons.o [1]
ButtonRunActiveState    0x000853b7    0xa  Code  Gb  buttons.o [1]
ButtonSM_ButtonActive   0x00085409   0xfc  Code  Lc  buttons.o [1]
ButtonSM_Idle           0x000853e9   0x20  Code  Lc  buttons.o [1]
Button_abNewPress       0x20001bda    0x2  Data  Lc  buttons.o [1]
Button_aeCurrentState   0x20001bd6    0x2  Data  Lc  buttons.o [1]
Button_aeNewState       0x20001bd8    0x2  Data  Lc  buttons.o [1]
Button_au32ButtonPins   0x000864cc    0x8  Data  Lc  buttons.o [1]
Button_au32HoldTimeStart
                        0x20001a80    0x8  Data  Lc  buttons.o [1]
Button_pfnStateMachine  0x20001afc    0x4  Data  Lc  buttons.o [1]
Buttons_asArray         0x20000404    0x4  Data  Lc  buttons.o [1]
CSTACK$$Base            0x20080000          --   Gb  - Linker created -
CSTACK$$Limit           0x20082000          --   Gb  - Linker created -
CapTouchInitialize      0x000849af   0x82  Code  Gb  captouch.o [1]
CapTouchOn              0x00084999    0xa  Code  Gb  captouch.o [1]
CapTouchRunActiveState  0x00084a31    0xa  Code  Gb  captouch.o [1]
CapTouchSM_Idle         0x00084b25    0x2  Code  Gb  captouch.o [1]
CapTouchSM_Measure      0x00084b29   0x72  Code  Gb  captouch.o [1]
CapTouchSetParameters   0x00084acb   0x2c  Code  Lc  captouch.o [1]
CapTouchUpdateSensorReadings
                        0x00084af7   0x22  Code  Gb  captouch.o [1]
CapTouchVerify          0x00084a3b   0x90  Code  Lc  captouch.o [1]
CapTouch_pfnStateMachine
                        0x20001b00    0x4  Data  Gb  captouch.o [1]
CapTouch_u32Timer       0x20001b04    0x4  Data  Gb  captouch.o [1]
CapTouch_u8CurrentHSliderValue
                        0x20001be3    0x1  Data  Gb  captouch.o [1]
CapTouch_u8CurrentVSliderValue
                        0x20001be4    0x1  Data  Gb  captouch.o [1]
CaptouchCurrentHSlidePosition
                        0x000849a3    0x6  Code  Gb  captouch.o [1]
CaptouchCurrentVSlidePosition
                        0x000849a9    0x6  Code  Gb  captouch.o [1]
ClockSetup              0x00084ec5   0x7a  Code  Gb  mpgl2-ehdw-02.o [1]
DBGU_IrqHandler         0x000826e9   0x1e  Code  Gb  sam3u_uart.o [1]
DeQueueMessage          0x00082153   0x56  Code  Gb  messaging.o [1]
DebugCommandCaptouchValuesToggle
                        0x0008145f   0x46  Code  Lc  debug.o [1]
DebugCommandDummy       0x00081349   0x1a  Code  Lc  debug.o [1]
DebugCommandLedTestToggle
                        0x00081363   0x56  Code  Lc  debug.o [1]
DebugCommandPrepareList
                        0x000812b1   0x98  Code  Lc  debug.o [1]
DebugCommandSysTimeToggle
                        0x00081419   0x46  Code  Lc  debug.o [1]
DebugInitialize         0x000811dd   0x9e  Code  Gb  debug.o [1]
DebugLedTestCharacter   0x000813b9   0x60  Code  Lc  debug.o [1]
DebugLineFeed           0x0008109d   0x1c  Code  Gb  debug.o [1]
DebugMon_Handler        0x00086075    0x2  Code  Wk  exceptions.o [1]
DebugPrintNumber        0x000810b9   0xb0  Code  Gb  debug.o [1]
DebugPrintf             0x00081079   0x24  Code  Gb  debug.o [1]
DebugRunActiveState     0x0008127b    0xc  Code  Gb  debug.o [1]
DebugRxCallback         0x00081289   0x28  Code  Gb  debug.o [1]
DebugSM_CheckCmd        0x0008158d   0xb2  Code  Lc  debug.o [1]
DebugSM_Error           0x00081659   0x34  Code  Lc  debug.o [1]
DebugSM_Idle            0x000814a5   0xe8  Code  Lc  debug.o [1]
DebugSM_ProcessCmd      0x00081641   0x18  Code  Lc  debug.o [1]
Debug_Uart              0x20001b14    0x4  Data  Lc  debug.o [1]
Debug_au8CommandBuffer  0x20001824   0x40  Data  Lc  debug.o [1]
Debug_au8Commands       0x20000128   0x40  Data  Gb  debug.o [1]
Debug_au8RxBuffer       0x200016a4   0x80  Data  Lc  debug.o [1]
Debug_au8StartupMsg     0x20000168   0x40  Data  Lc  debug.o [1]
Debug_bLedTestActive    0x20000412    0x1  Data  Lc  debug.o [1]
Debug_pfnStateMachine   0x20001b10    0x4  Data  Lc  debug.o [1]
Debug_pu8CmdBufferNextChar
                        0x20001b24    0x4  Data  Lc  debug.o [1]
Debug_pu8RxBufferNextChar
                        0x20001b1c    0x4  Data  Lc  debug.o [1]
Debug_pu8RxBufferParser
                        0x20001b20    0x4  Data  Lc  debug.o [1]
Debug_u16CommandSize    0x20001bdc    0x2  Data  Lc  debug.o [1]
Debug_u32CurrentMessageToken
                        0x20001b18    0x4  Data  Lc  debug.o [1]
Debug_u8Command         0x20001be6    0x1  Data  Lc  debug.o [1]
Debug_u8ErrorCode       0x20001be5    0x1  Data  Lc  debug.o [1]
EFC0_IrqHandler         0x00086085    0x2  Code  Wk  exceptions.o [1]
EFC1_IrqHandler         0x00086087    0x2  Code  Wk  exceptions.o [1]
G_aau8BigFonts          0x00085c7c  0x118  Data  Gb  lcd_bitmaps.o [1]
G_aau8LcdRamImage       0x20000d14  0x400  Data  Gb  lcd_NHD-C12864LZ.o [1]
G_aau8SmallFonts        0x00085558  0x2a0  Data  Gb  lcd_bitmaps.o [1]
G_abButtonDebounceActive
                        0x20001bd4    0x2  Data  Gb  buttons.o [1]
G_au32ButtonDebounceTimeStart
                        0x20001a78    0x8  Data  Gb  buttons.o [1]
G_au8AntApiCurrentData  0x20001a70    0x8  Data  Gb  ant_api.o [1]
G_au8AntMessageAssign   0x20000308   0x14  Data  Gb  ant.o [1]
G_au8AntMessageClose    0x20000330   0x14  Data  Gb  ant.o [1]
G_au8AntMessageFail     0x200003d4    0x8  Data  Gb  ant.o [1]
G_au8AntMessageInit     0x20000290   0x18  Data  Gb  ant.o [1]
G_au8AntMessageInitFail
                        0x200001dc   0x20  Data  Gb  ant.o [1]
G_au8AntMessageNoAnt    0x200000e8   0x40  Data  Gb  ant.o [1]
G_au8AntMessageOk       0x200003cc    0x8  Data  Gb  ant.o [1]
G_au8AntMessageOpen     0x20000344   0x14  Data  Gb  ant.o [1]
G_au8AntMessageSetup    0x2000031c   0x14  Data  Gb  ant.o [1]
G_au8AntMessageUnassign
                        0x20000278   0x18  Data  Gb  ant.o [1]
G_au8AntMessageUnhandled
                        0x2000025c   0x1c  Data  Gb  ant.o [1]
G_au8MessageOFF         0x200003fc    0x8  Data  Gb  utilities.o [1]
G_au8MessageOK          0x200003ec    0x8  Data  Gb  utilities.o [1]
G_au8MessageON          0x200003f4    0x8  Data  Gb  utilities.o [1]
G_eAntApiCurrentMessageClass
                        0x20001be2    0x1  Data  Gb  ant_api.o [1]
G_sAntApplicationMsgList
                        0x20001ab4    0x4  Data  Gb  ant.o [1]
G_sLcdClearWholeScreen  0x200003e4    0x8  Data  Gb  lcd_NHD-C12864LZ.o [1]
G_stAntSetupData        0x20001a58    0xc  Data  Gb  ant.o [1]
G_u32AntApiCurrentDataTimeStamp
                        0x20001af8    0x4  Data  Gb  ant_api.o [1]
G_u32AntFlags           0x20001ab0    0x4  Data  Gb  ant.o [1]
G_u32ApplicationFlags   0x20001b4c    0x4  Data  Gb  main.o [1]
G_u32DebugFlags         0x20001b0c    0x4  Data  Gb  debug.o [1]
G_u32MessagingFlags     0x20001b50    0x4  Data  Gb  messaging.o [1]
G_u32Ssp1ApplicationFlags
                        0x20001b7c    0x4  Data  Gb  sam3u_ssp.o [1]
G_u32Ssp2ApplicationFlags
                        0x20001b80    0x4  Data  Gb  sam3u_ssp.o [1]
G_u32SystemFlags        0x20001b48    0x4  Data  Gb  main.o [1]
G_u32SystemTime1ms      0x20001b60    0x4  Data  Gb  mpgl2-ehdw-02.o [1]
G_u32SystemTime1s       0x20001b64    0x4  Data  Gb  mpgl2-ehdw-02.o [1]
G_u32Uart0ApplicationFlags
                        0x20001bac    0x4  Data  Gb  sam3u_uart.o [1]
G_u32UartApplicationFlags
                        0x20001ba8    0x4  Data  Gb  sam3u_uart.o [1]
GetButtonBitLocation    0x000853c1   0x26  Code  Gb  buttons.o [1]
GpioSetup               0x00084fe9   0xfe  Code  Gb  mpgl2-ehdw-02.o [1]
HDMA_IrqHandler         0x000860a5    0x2  Code  Wk  exceptions.o [1]
HEAP$$Base              0x20001bf0          --   Gb  - Linker created -
HEAP$$Limit             0x20003bf0          --   Gb  - Linker created -
HSMC4_IrqHandler        0x00086089    0x2  Code  Wk  exceptions.o [1]
HardFault_Handler       0x0008586b   0x4c  Code  Gb  interrupts.o [1]
HexToASCIICharUpper     0x00080fb5   0x28  Code  Gb  utilities.o [1]
InterruptSetup          0x00085821   0x4a  Code  Gb  interrupts.o [1]
IrqHandlerNotUsed       0x00086069    0x2  Code  Gb  exceptions.o [1]
IsTimeUp                0x00080f7d   0x38  Code  Gb  utilities.o [1]
LcdClearPixels          0x00082eff   0xac  Code  Gb  lcd_NHD-C12864LZ.o [1]
LcdClearScreen          0x00082fab   0x34  Code  Gb  lcd_NHD-C12864LZ.o [1]
LcdCommand              0x00082fdf   0x58  Code  Gb  lcd_NHD-C12864LZ.o [1]
LcdInitialize           0x00083037  0x238  Code  Gb  lcd_NHD-C12864LZ.o [1]
LcdLoadBitmap           0x00082d8d  0x172  Code  Gb  lcd_NHD-C12864LZ.o [1]
LcdLoadPageToBuffer     0x0008332f   0xc4  Code  Lc  lcd_NHD-C12864LZ.o [1]
LcdLoadString           0x00082cfd   0x90  Code  Gb  lcd_NHD-C12864LZ.o [1]
LcdManualMode           0x0008327b   0x4e  Code  Gb  lcd_NHD-C12864LZ.o [1]
LcdRunActiveState       0x0008326f    0xc  Code  Gb  lcd_NHD-C12864LZ.o [1]
LcdSM_Idle              0x00083491   0xc8  Code  Lc  lcd_NHD-C12864LZ.o [1]
LcdSM_WaitTransfer      0x00083559   0x74  Code  Lc  lcd_NHD-C12864LZ.o [1]
LcdSetStartAddressForDataTransfer
                        0x000832c9   0x66  Code  Lc  lcd_NHD-C12864LZ.o [1]
LcdUpdateScreenRefreshArea
                        0x000833f3   0x9c  Code  Lc  lcd_NHD-C12864LZ.o [1]
Lcd_ReturnState         0x20001b38    0x4  Data  Gb  lcd_NHD-C12864LZ.o [1]
Lcd_Ssp                 0x20001b40    0x4  Data  Lc  lcd_NHD-C12864LZ.o [1]
Lcd_au8MessageInit      0x2000039c    0xc  Data  Lc  lcd_NHD-C12864LZ.o [1]
Lcd_au8MessageWelcome   0x200003a8    0xc  Data  Lc  lcd_NHD-C12864LZ.o [1]
Lcd_au8RxDummyBuffer    0x20001be9    0x1  Data  Lc  lcd_NHD-C12864LZ.o [1]
Lcd_au8SetupArray       0x200003b4    0xc  Data  Lc  lcd_NHD-C12864LZ.o [1]
Lcd_au8TxBuffer         0x20001724   0x80  Data  Lc  lcd_NHD-C12864LZ.o [1]
Lcd_pfnStateMachine     0x20001b28    0x4  Data  Lc  lcd_NHD-C12864LZ.o [1]
Lcd_pu8RxDummyBuffer    0x20001b44    0x4  Data  Lc  lcd_NHD-C12864LZ.o [1]
Lcd_sCurrentUpdateArea  0x20001a90    0x8  Data  Lc  lcd_NHD-C12864LZ.o [1]
Lcd_sSspConfig          0x2000194c   0x24  Data  Lc  lcd_NHD-C12864LZ.o [1]
Lcd_sUpdateArea         0x20001a88    0x8  Data  Lc  lcd_NHD-C12864LZ.o [1]
Lcd_u32CurrentMsgToken  0x20001b3c    0x4  Data  Lc  lcd_NHD-C12864LZ.o [1]
Lcd_u32Flags            0x20001b2c    0x4  Data  Lc  lcd_NHD-C12864LZ.o [1]
Lcd_u32RefreshTimer     0x20001b34    0x4  Data  Lc  lcd_NHD-C12864LZ.o [1]
Lcd_u32Timer            0x20001b30    0x4  Data  Lc  lcd_NHD-C12864LZ.o [1]
Lcd_u8CurrentPage       0x20001be8    0x1  Data  Lc  lcd_NHD-C12864LZ.o [1]
Lcd_u8PagesToUpdate     0x20001be7    0x1  Data  Lc  lcd_NHD-C12864LZ.o [1]
LedInitialize           0x00082a37   0xac  Code  Gb  leds.o [1]
LedOff                  0x000829bd   0x58  Code  Gb  leds.o [1]
LedOn                   0x00082965   0x58  Code  Gb  leds.o [1]
LedToggle               0x00082a15   0x22  Code  Gb  leds.o [1]
LedUpdate               0x00082ae3  0x162  Code  Gb  leds.o [1]
Led_au32BitPositions    0x200001a8   0x34  Data  Lc  leds.o [1]
Leds_asLedArray         0x20000000   0x84  Data  Lc  leds.o [1]
MCI0_IrqHandler         0x0008608f    0x2  Code  Wk  exceptions.o [1]
MemManage_Handler       0x0008606d    0x2  Code  Wk  exceptions.o [1]
MessagingIdle           0x00082275   0x1c  Code  Gb  messaging.o [1]
MessagingInitialize     0x000821a9   0x72  Code  Gb  messaging.o [1]
MessagingRunActiveState
                        0x0008221b    0xa  Code  Gb  messaging.o [1]
Messaging_pfnStateMachine
                        0x20001b54    0x4  Data  Lc  messaging.o [1]
Msg_Pool                0x20000414  0x900  Data  Lc  messaging.o [1]
Msg_StatusQueue         0x20001114  0x300  Data  Lc  messaging.o [1]
Msg_pNextStatus         0x20001b5c    0x4  Data  Lc  messaging.o [1]
Msg_u32Token            0x20001b58    0x4  Data  Lc  messaging.o [1]
Msg_u8QueuedMessageCount
                        0x20001bea    0x1  Data  Lc  messaging.o [1]
NMI_Handler             0x0008606b    0x2  Code  Wk  exceptions.o [1]
NVIC_ClearPendingIRQ    0x000852d9   0x14  Code  Lc  buttons.o [1]
NVIC_ClearPendingIRQ    0x0008580d   0x14  Code  Lc  interrupts.o [1]
NVIC_ClearPendingIRQ    0x00081733   0x16  Code  Lc  sam3u_ssp.o [1]
NVIC_ClearPendingIRQ    0x00082403   0x16  Code  Lc  sam3u_uart.o [1]
NVIC_DisableIRQ         0x000857f9   0x14  Code  Lc  interrupts.o [1]
NVIC_EnableIRQ          0x000852c5   0x14  Code  Lc  buttons.o [1]
NVIC_EnableIRQ          0x0008171d   0x16  Code  Lc  sam3u_ssp.o [1]
NVIC_EnableIRQ          0x000823ed   0x16  Code  Lc  sam3u_uart.o [1]
PIOA_IrqHandler         0x000858f3   0x54  Code  Gb  interrupts.o [1]
PIOB_IrqHandler         0x00085947   0x56  Code  Gb  interrupts.o [1]
PIOC_IrqHandler         0x0008608b    0x2  Code  Wk  exceptions.o [1]
PMC_IrqHandler          0x00086083    0x2  Code  Wk  exceptions.o [1]
PWMAudioOff             0x0008514f    0x6  Code  Gb  mpgl2-ehdw-02.o [1]
PWMAudioSetFrequency    0x0008511d   0x32  Code  Gb  mpgl2-ehdw-02.o [1]
PWMSetupAudio           0x000850e7   0x36  Code  Gb  mpgl2-ehdw-02.o [1]
PWM_IrqHandler          0x0008609f    0x2  Code  Wk  exceptions.o [1]
PendSV_Handler          0x00086077    0x2  Code  Wk  exceptions.o [1]
QueryMessageStatus      0x00082021   0x38  Code  Gb  messaging.o [1]
QueueMessage            0x00082059   0xfa  Code  Gb  messaging.o [1]
RSTC_IrqHandler         0x0008607b    0x2  Code  Wk  exceptions.o [1]
RTC_IrqHandler          0x0008607d    0x2  Code  Wk  exceptions.o [1]
RTT_IrqHandler          0x0008607f    0x2  Code  Wk  exceptions.o [1]
Region$$Table$$Base     0x000862b0          --   Gb  - Linker created -
Region$$Table$$Limit    0x000862d4          --   Gb  - Linker created -
SNSK_array              0x20001a34   0x10  Data  Gb  touch_burst_qt.o [4]
SNS_array               0x20001a24   0x10  Data  Gb  touch_burst_qt.o [4]
SPI0_IrqHandler         0x00086095    0x2  Code  Wk  exceptions.o [1]
SSC0_IrqHandler         0x00086097    0x2  Code  Wk  exceptions.o [1]
SSP_Peripheral0         0x20001864   0x34  Data  Lc  sam3u_ssp.o [1]
SSP_Peripheral1         0x20001898   0x34  Data  Lc  sam3u_ssp.o [1]
SSP_Peripheral2         0x200018cc   0x34  Data  Lc  sam3u_ssp.o [1]
SSP_au8Dummies          0x200017a4   0x80  Data  Lc  sam3u_ssp.o [1]
SSP_psCurrentISR        0x20001b94    0x4  Data  Lc  sam3u_ssp.o [1]
SSP_psCurrentSsp        0x20001b90    0x4  Data  Lc  sam3u_ssp.o [1]
SSP_pu32SspApplicationFlagsISR
                        0x20001b98    0x4  Data  Lc  sam3u_ssp.o [1]
SSP_u32AntCounter       0x20001ba4    0x4  Data  Lc  sam3u_ssp.o [1]
SSP_u32Flags            0x20001b8c    0x4  Data  Lc  sam3u_ssp.o [1]
SSP_u32Int1Count        0x20001b9c    0x4  Data  Lc  sam3u_ssp.o [1]
SSP_u32Int2Count        0x20001ba0    0x4  Data  Lc  sam3u_ssp.o [1]
SSP_u32Timer            0x20001b88    0x4  Data  Lc  sam3u_ssp.o [1]
SUPC_IrqHandler         0x00086079    0x2  Code  Wk  exceptions.o [1]
SVC_Handler             0x00086073    0x2  Code  Wk  exceptions.o [1]
SspGenericHandler       0x00081a67  0x38e  Code  Gb  sam3u_ssp.o [1]
SspInitialize           0x000818c1   0xfe  Code  Gb  sam3u_ssp.o [1]
SspManualMode           0x000819cb   0x48  Code  Gb  sam3u_ssp.o [1]
SspRequest              0x00081749  0x148  Code  Gb  sam3u_ssp.o [1]
SspRunActiveState       0x000819bf    0xc  Code  Gb  sam3u_ssp.o [1]
SspSM_Idle              0x00081df5  0x1b8  Code  Gb  sam3u_ssp.o [1]
SspWriteData            0x00081891   0x30  Code  Gb  sam3u_ssp.o [1]
Ssp_pfnStateMachine     0x20001b84    0x4  Data  Lc  sam3u_ssp.o [1]
SysTickSetup            0x00084f3f   0x22  Code  Gb  mpgl2-ehdw-02.o [1]
SysTick_Handler         0x000858b7   0x3c  Code  Gb  interrupts.o [1]
SystemSleep             0x00084f61   0x7a  Code  Gb  mpgl2-ehdw-02.o [1]
SystemStatusReport      0x00081169   0x74  Code  Gb  debug.o [1]
TC0_IrqHandler          0x00086099    0x2  Code  Wk  exceptions.o [1]
TC1_IrqHandler          0x0008609b    0x2  Code  Wk  exceptions.o [1]
TC2_IrqHandler          0x0008609d    0x2  Code  Wk  exceptions.o [1]
TWI0_IrqHandler         0x00086091    0x2  Code  Wk  exceptions.o [1]
TWI1_IrqHandler         0x00086093    0x2  Code  Wk  exceptions.o [1]
UART_Peripheral         0x20001970   0x24  Data  Lc  sam3u_uart.o [1]
UART_Peripheral0        0x20001994   0x24  Data  Lc  sam3u_uart.o [1]
UART_Peripheral1        0x200019b8   0x24  Data  Lc  sam3u_uart.o [1]
UART_Peripheral2        0x200019dc   0x24  Data  Lc  sam3u_uart.o [1]
UART_psCurrentISR       0x20001bc0    0x4  Data  Lc  sam3u_uart.o [1]
UART_psCurrentUart      0x20001bbc    0x4  Data  Lc  sam3u_uart.o [1]
UART_pu32ApplicationFlagsISR
                        0x20001bc4    0x4  Data  Lc  sam3u_uart.o [1]
UART_u32Flags           0x20001bb8    0x4  Data  Lc  sam3u_uart.o [1]
UART_u32Int0Count       0x20001bcc    0x4  Data  Lc  sam3u_uart.o [1]
UART_u32IntCount        0x20001bc8    0x4  Data  Lc  sam3u_uart.o [1]
UART_u32Timer           0x20001bb4    0x4  Data  Lc  sam3u_uart.o [1]
UART_u8ActiveUarts      0x20001bec    0x1  Data  Lc  sam3u_uart.o [1]
UDPD_IrqHandler         0x000860a7    0x2  Code  Wk  exceptions.o [1]
USART0_IrqHandler       0x00082707   0x1e  Code  Gb  sam3u_uart.o [1]
USART1_IrqHandler       0x00081a13   0x2a  Code  Gb  sam3u_ssp.o [1]
USART2_IrqHandler       0x00081a3d   0x2a  Code  Gb  sam3u_ssp.o [1]
USART3_IrqHandler       0x0008608d    0x2  Code  Wk  exceptions.o [1]
UartGenericHandler      0x00082725   0xf4  Code  Gb  sam3u_uart.o [1]
UartInitialize          0x000825ad   0xfc  Code  Gb  sam3u_uart.o [1]
UartManualMode          0x000826b3   0x36  Code  Lc  sam3u_uart.o [1]
UartRequest             0x00082419  0x138  Code  Gb  sam3u_uart.o [1]
UartRunActiveState      0x000826a9    0xa  Code  Gb  sam3u_uart.o [1]
UartSM_Idle             0x0008281d   0xd8  Code  Gb  sam3u_uart.o [1]
UartWriteByte           0x00082551   0x30  Code  Gb  sam3u_uart.o [1]
UartWriteData           0x00082581   0x2c  Code  Gb  sam3u_uart.o [1]
Uart_pfnStateMachine    0x20001bb0    0x4  Data  Lc  sam3u_uart.o [1]
UpdateMessageStatus     0x00082225   0x1c  Code  Gb  messaging.o [1]
UsageFault_Handler      0x00086071    0x2  Code  Wk  exceptions.o [1]
WDT_IrqHandler          0x00086081    0x2  Code  Wk  exceptions.o [1]
WasButtonPressed        0x000852ed   0x12  Code  Gb  buttons.o [1]
WatchDogSetup           0x00084fdb    0xe  Code  Gb  mpgl2-ehdw-02.o [1]
__ICFEDIT_intvec_start__ {Abs}
                        0x00080000          --   Gb  command line/config [2]
__aeabi_memset          0x00082c69         Code  Gb  ABImemset.o [5]
__cmain                 0x00086389         Code  Gb  cmain.o [5]
__data_Aldata           0x20001aa8    0x8  Data  Gb  xxmemxmalloc.o [3]
__data_GetMemChunk      0x00082cd1   0x2c  Code  Gb  xgetmemchunk.o [3]
__exit                  0x000863c9   0x14  Code  Gb  exit.o [6]
__iar_Memset            0x00082c69         Code  Gb  ABImemset.o [5]
__iar_Memset_word       0x00082c71         Code  Gb  ABImemset.o [5]
__iar_copy_init3        0x00080f4f   0x2e  Code  Gb  copy_init3.o [5]
__iar_data_init3        0x000860fd   0x28  Code  Gb  data_init.o [5]
__iar_program_start     0x00086491         Code  Gb  cstartup_M.o [5]
__iar_unaligned___aeabi_memcpy
                        0x00080fe1         Code  Gb  ABImemcpy_unaligned.o [5]
__iar_unaligned___aeabi_memcpy4
                        0x00081001         Code  Gb  ABImemcpy_unaligned.o [5]
__iar_unaligned___aeabi_memcpy8
                        0x00081001         Code  Gb  ABImemcpy_unaligned.o [5]
__iar_zero_init3        0x00081057   0x22  Code  Gb  zero_init3.o [5]
__low_level_init        0x000863a5   0x14  Code  Gb  board_cstartup_iar.o [1]
__vector_table          0x00080000   0xbc  Data  Gb  board_cstartup_iar.o [1]
_call_main              0x00086395         Code  Gb  cmain.o [5]
_exit                   0x000863bd         Code  Gb  cexit.o [5]
_main                   0x0008639f         Code  Gb  cmain.o [5]
aau8EngenuicsLogoBlack  0x000859d4  0x160  Data  Gb  lcd_bitmaps.o [1]
aau8EngenuicsLogoBlackQ1
                        0x00085e48   0x64  Data  Gb  lcd_bitmaps.o [1]
aau8EngenuicsLogoBlackQ2
                        0x00085eac   0x64  Data  Gb  lcd_bitmaps.o [1]
aau8EngenuicsLogoBlackQ3
                        0x00085f10   0x64  Data  Gb  lcd_bitmaps.o [1]
aau8EngenuicsLogoBlackQ4
                        0x00085f74   0x64  Data  Gb  lcd_bitmaps.o [1]
burst                   0x000841db   0x2e  Code  Gb  touch_burst_qt.o [4]
burst_10_AA_BB          0x00083691  0x4d0  Code  Gb  burst_10_AA_BB.o [4]
burst_init              0x000841b1    0xa  Code  Gb  touch_burst_qt.o [4]
burst_proc              0x20001a54    0x4  Data  Gb  touch_api.o [4]
burst_reset             0x000841bb   0x20  Code  Gb  touch_burst_qt.o [4]
calc_masks              0x00085b35  0x148  Code  Gb  calc_masks.o [4]
calc_rotor_slider_sensor_delta
                        0x00084279   0x4e  Code  Gb  touch_rs_qt.o [4]
calc_rotor_slider_value
                        0x00084325  0x1b4  Code  Gb  touch_rs_qt.o [4]
calibrate_sensor        0x00083dcb   0x60  Code  Lc  touch_process.o [4]
dht_counter             0x20001a01    0x1  Data  Gb  touch_process.o [4]
divide                  0x000842c7   0x5e  Code  Lc  touch_rs_qt.o [4]
drift_channel           0x00083e2b   0x80  Code  Lc  touch_process.o [4]
drift_pos_recal_ctrs    0x20001a04   0x20  Data  Lc  touch_process.o [4]
exit                    0x000863b9    0x4  Code  Gb  exit.o [3]
fill_out_rotor_slider_deltas
                        0x000844f1   0x64  Code  Lc  touch_rs_qt.o [4]
free                    0x0008236d   0x7a  Code  Gb  xxmemxfree.o [3]
freq_shift              0x20000413    0x1  Data  Gb  touch_api.o [4]
get_channel_delta       0x00084189   0x14  Code  Gb  touch_process.o [4]
goto_no_detect          0x00083d89   0x42  Code  Lc  touch_process.o [4]
lib_status_flags        0x200016a0    0x2  Data  Gb  touch_api.o [4]
main                    0x00085d95   0xb4  Code  Gb  main.o [1]
malloc                  0x000822bd   0xac  Code  Gb  xxmemxmalloc.o [3]
num_rotors_sliders      0x20001bee    0x1  Data  Gb  touch_rs_qt.o [4]
num_sensors             0x20001a00    0x1  Data  Gb  touch_process.o [4]
process_sensor          0x00083eab  0x2de  Code  Gb  touch_process.o [4]
q_get_PRIMASK           0x00083d5d    0x8  Code  Gb  touch_api.o [4]
q_set_PRIMASK           0x00083d65    0x8  Code  Gb  touch_api.o [4]
qt_calibrate_sensing    0x00083ba3   0x1c  Code  Gb  touch_api.o [4]
qt_config_data          0x20001a44    0x8  Data  Gb  touch_api.o [4]
qt_enable_slider        0x00084211   0x5c  Code  Gb  touch_rs_qt.o [4]
qt_filter_callback      0x20001a50    0x4  Data  Gb  touch_api.o [4]
qt_get_library_sig      0x00083b91   0x12  Code  Gb  touch_api.o [4]
qt_get_sensor_delta     0x00083cd7   0x68  Code  Gb  touch_api.o [4]
qt_init_sensing_with_burst
                        0x00083b61   0x30  Code  Gb  touch_api.o [4]
qt_measure_data         0x20001614   0x8c  Data  Gb  touch_api.o [4]
qt_measure_sensors      0x00083bf1   0xe6  Code  Gb  touch_api.o [4]
qt_reset_sensing        0x00083bbf   0x32  Code  Gb  touch_api.o [4]
rotor_slider_deltas     0x20001920    0x8  Data  Lc  touch_rs_qt.o [4]
rotor_slider_enter_detect
                        0x000844d9   0x18  Code  Gb  touch_rs_qt.o [4]
rotors_sliders          0x20001900   0x20  Data  Lc  touch_rs_qt.o [4]
sensors                 0x20001514  0x100  Data  Gb  touch_process.o [4]
start_cal_sensor        0x00083d6d   0x1c  Code  Gb  touch_process.o [4]
strlen                  0x00083659         Code  Gb  strlen.o [5]
time_of_last_call_ms    0x20001a4c    0x2  Data  Lc  touch_api.o [4]
timer_prescale          0x200016a2    0x2  Data  Lc  touch_api.o [4]
u8CapTouchGetSliderValue
                        0x00084b19    0xc  Code  Gb  captouch.o [1]


[1] = C:\Users\Vipin\Documents\GitHub\mpgl2\firmware_mpgl2\iar_7_20_1\Debug\Obj
[2] = command line
[3] = dl7M_tln.a
[4] = libsam3u-32qt-k-8rs-iar.a
[5] = rt7M_tl.a
[6] = shb_l.a

  22 842 bytes of readonly  code memory
   4 030 bytes of readonly  data memory
  23 535 bytes of readwrite data memory

Errors: none
Warnings: none
