###############################################################################
#
# IAR ANSI C/C++ Compiler V7.20.1.7305/W32 for ARM        06/Mar/2016  15:25:44
# Copyright 1999-2014 IAR Systems AB.
#
#    Cpu mode     =  thumb
#    Endian       =  little
#    Source file  =  
#        D:\MPG\mpg_source\Git\Razor_Atmel\firmware_mpgl1\application\main.c
#    Command line =  
#        D:\MPG\mpg_source\Git\Razor_Atmel\firmware_mpgl1\application\main.c -D
#        MPGL1 -D MPG1 --preprocess=cl
#        D:\MPG\mpg_source\Git\Razor_Atmel\firmware_mpgl1\iar_7_20_1\Debug\List\
#        -lC
#        D:\MPG\mpg_source\Git\Razor_Atmel\firmware_mpgl1\iar_7_20_1\Debug\List\
#        -o
#        D:\MPG\mpg_source\Git\Razor_Atmel\firmware_mpgl1\iar_7_20_1\Debug\Obj\
#        --no_cse --no_unroll --no_inline --no_code_motion --no_tbaa
#        --no_clustering --no_scheduling --debug --endian=little
#        --cpu=Cortex-M3 -e --fpu=None --dlib_config "C:\Program Files\IAR
#        Systems\EWARM_7_20_1\arm\INC\c\DLib_Config_Normal.h" -I
#        D:\MPG\mpg_source\Git\Razor_Atmel\firmware_mpgl1\iar_7_20_1\ -I
#        D:\MPG\mpg_source\Git\Razor_Atmel\firmware_mpgl1\iar_7_20_1\..\bsp\ -I
#        D:\MPG\mpg_source\Git\Razor_Atmel\firmware_mpgl1\iar_7_20_1\..\drivers\
#        -I
#        D:\MPG\mpg_source\Git\Razor_Atmel\firmware_mpgl1\iar_7_20_1\..\application\
#        -I
#        D:\MPG\mpg_source\Git\Razor_Atmel\firmware_mpgl1\iar_7_20_1\..\..\firmware_mpg_common\
#        -I
#        D:\MPG\mpg_source\Git\Razor_Atmel\firmware_mpgl1\iar_7_20_1\..\..\firmware_mpg_common\application\
#        -I
#        D:\MPG\mpg_source\Git\Razor_Atmel\firmware_mpgl1\iar_7_20_1\..\..\firmware_mpg_common\cmsis\
#        -I
#        D:\MPG\mpg_source\Git\Razor_Atmel\firmware_mpgl1\iar_7_20_1\..\..\firmware_mpg_common\drivers\
#        -On --use_c++_inline -I "C:\Program Files\IAR
#        Systems\EWARM_7_20_1\arm\CMSIS\Include\"
#    List file    =  
#        D:\MPG\mpg_source\Git\Razor_Atmel\firmware_mpgl1\iar_7_20_1\Debug\List\main.lst
#    Object file  =  
#        D:\MPG\mpg_source\Git\Razor_Atmel\firmware_mpgl1\iar_7_20_1\Debug\Obj\main.o
#
###############################################################################

D:\MPG\mpg_source\Git\Razor_Atmel\firmware_mpgl1\application\main.c
      1          /***********************************************************************************************************************
      2          File: main.c                                                                
      3          
      4          Description:
      5          Container for the MPG firmware.  
      6          ***********************************************************************************************************************/
      7          
      8          #include "configuration.h"
      9          
     10          #ifndef SOLUTION
     11          /***********************************************************************************************************************
     12          Global variable definitions with scope across entire project.
     13          All Global variable names shall start with "G_"
     14          ***********************************************************************************************************************/
     15          /* New variables */
     16          
     17          /*--------------------------------------------------------------------------------------------------------------------*/
     18          /* External global variables defined in other files (must indicate which file they are defined in) */
     19          
     20          
     21          /***********************************************************************************************************************
     22          Global variable definitions with scope limited to this local application.
     23          Variable names shall start with "Main_" and be declared as static.
     24          ***********************************************************************************************************************/
     25          
     26          
     27          /***********************************************************************************************************************
     28          Main Program
     29          ***********************************************************************************************************************/
     30          

   \                                 In section .text, align 2, keep-with-next
     31          void main(void)
     32          {
     33            while(1)
   \                     main: (+1)
   \                     ??main_0: (+1)
   \   00000000   0xE7FE             B.N      ??main_0
     34            {
     35              
     36            } /* end while(1) main loop */
     37            
     38          } /* end main() */
     39          
     40          
     41          /***********************************************************************************************************************
     42          * Function definitions
     43          ***********************************************************************************************************************/
     44          
     45          
     46          /*--------------------------------------------------------------------------------------------------------------------*/
     47          /* End of File */
     48          /*--------------------------------------------------------------------------------------------------------------------*/
     49          #endif /* SOLUTION */

   Maximum stack usage in bytes:

   .cstack Function
   ------- --------
       0   main


   Section sizes:

   Bytes  Function/Label
   -----  --------------
       2  main

 
 2 bytes in section .text
 
 2 bytes of CODE memory

Errors: none
Warnings: none
