###############################################################################
#
# IAR ANSI C/C++ Compiler V7.20.1.7305/W32 for ARM        28/Oct/2015  18:28:13
# Copyright 1999-2014 IAR Systems AB.
#
#    Cpu mode     =  thumb
#    Endian       =  little
#    Source file  =  
#        D:\MPG Source\Git\Razor_Atmel\firmware_mpgl1\application\main.c
#    Command line =  
#        "D:\MPG Source\Git\Razor_Atmel\firmware_mpgl1\application\main.c"
#        --preprocess=cl "D:\MPG
#        Source\Git\Razor_Atmel\firmware_mpgl1\iar_7_20_1\Debug\List\" -lC
#        "D:\MPG Source\Git\Razor_Atmel\firmware_mpgl1\iar_7_20_1\Debug\List\"
#        -o "D:\MPG
#        Source\Git\Razor_Atmel\firmware_mpgl1\iar_7_20_1\Debug\Obj\" --no_cse
#        --no_unroll --no_inline --no_code_motion --no_tbaa --no_clustering
#        --no_scheduling --debug --endian=little --cpu=Cortex-M3 -e --fpu=None
#        --dlib_config "C:\Program Files (x86)\IAR
#        Systems\EWARM_7_20_1\arm\INC\c\DLib_Config_Normal.h" -I "D:\MPG
#        Source\Git\Razor_Atmel\firmware_mpgl1\iar_7_20_1\" -I "D:\MPG
#        Source\Git\Razor_Atmel\firmware_mpgl1\iar_7_20_1\..\bsp\" -I "D:\MPG
#        Source\Git\Razor_Atmel\firmware_mpgl1\iar_7_20_1\..\drivers\" -I
#        "D:\MPG
#        Source\Git\Razor_Atmel\firmware_mpgl1\iar_7_20_1\..\application\" -I
#        "D:\MPG
#        Source\Git\Razor_Atmel\firmware_mpgl1\iar_7_20_1\..\..\firmware_mpg_common\"
#        -I "D:\MPG
#        Source\Git\Razor_Atmel\firmware_mpgl1\iar_7_20_1\..\..\firmware_mpg_common\application\"
#        -I "D:\MPG
#        Source\Git\Razor_Atmel\firmware_mpgl1\iar_7_20_1\..\..\firmware_mpg_common\cmsis\"
#        -I "D:\MPG
#        Source\Git\Razor_Atmel\firmware_mpgl1\iar_7_20_1\..\..\firmware_mpg_common\drivers\"
#        -On --use_c++_inline -I "C:\Program Files (x86)\IAR
#        Systems\EWARM_7_20_1\arm\CMSIS\Include\"
#    List file    =  
#        D:\MPG
#        Source\Git\Razor_Atmel\firmware_mpgl1\iar_7_20_1\Debug\List\main.lst
#    Object file  =  
#        D:\MPG
#        Source\Git\Razor_Atmel\firmware_mpgl1\iar_7_20_1\Debug\Obj\main.o
#
###############################################################################

D:\MPG Source\Git\Razor_Atmel\firmware_mpgl1\application\main.c
      1          /***********************************************************************************************************************
      2          File: main.c                                                                
      3          
      4          Description:
      5          Container for the MPG firmware.  
      6          ***********************************************************************************************************************/
      7          
      8          #include "configuration.h"
      9          
     10          #ifndef SOLUTION
     11          /***********************************************************************************************************************
     12          Global variable definitions with scope across entire project.
     13          All Global variable names shall start with "G_"
     14          ***********************************************************************************************************************/
     15          /* New variables */
     16          
     17          /*--------------------------------------------------------------------------------------------------------------------*/
     18          /* External global variables defined in other files (must indicate which file they are defined in) */
     19          
     20          
     21          /***********************************************************************************************************************
     22          Global variable definitions with scope limited to this local application.
     23          Variable names shall start with "Main_" and be declared as static.
     24          ***********************************************************************************************************************/
     25          static u8 Main_u8Servers = 0; /* Number of active servers */
     26          
     27          
     28          /***********************************************************************************************************************
     29          Main Program
     30          ***********************************************************************************************************************/
     31          

   \                                 In section .text, align 4, keep-with-next
     32          void main(void)
     33          {
   \                     main: (+1)
   \   00000000   0xB500             PUSH     {LR}
   \   00000002   0xB089             SUB      SP,SP,#+36
     34            u32 u32UselessVariableForExample;
                       ^
Warning[Pe177]: variable "u32UselessVariableForExample" was declared but never
          referenced
     35            u32 au32BigArray[] = {5, 4, 3, 2, 1};
                       ^
Warning[Pe177]: variable "au32BigArray" was declared but never referenced
   \   00000004   0xA803             ADD      R0,SP,#+12
   \   00000006   0x490D             LDR.N    R1,??main_0
   \   00000008   0x2214             MOVS     R2,#+20
   \   0000000A   0x.... 0x....      BL       __aeabi_memcpy4
     36            DrinkType aeDrinkArray[3] = {BEER, SHOOTER};
                             ^
Warning[Pe177]: variable "aeDrinkArray" was declared but never referenced

  static u8 Main_u8Servers = 0; /* Number of active servers */
            ^
"D:\MPG Source\Git\Razor_Atmel\firmware_mpgl1\application\main.c",25  Warning[Pe177]: 
          variable "Main_u8Servers" was declared but never referenced
   \   0000000E   0xA802             ADD      R0,SP,#+8
   \   00000010   0x490B             LDR.N    R1,??main_0+0x4
   \   00000012   0x680A             LDR      R2,[R1, #0]
   \   00000014   0x6002             STR      R2,[R0, #+0]
     37          
     38            u8 u8Test = 0xA5;
   \   00000016   0x20A5             MOVS     R0,#+165
   \   00000018   0xF88D 0x0004      STRB     R0,[SP, #+4]
     39            u8* pu8Example;
     40            u32 u32Test = 0x0000ffff;
   \   0000001C   0xF64F 0x71FF      MOVW     R1,#+65535
   \   00000020   0x9100             STR      R1,[SP, #+0]
     41            u32* pu32Example;
     42          
     43            /* Load the addresses into our pointer variables */
     44            pu8Example = &u8Test;
   \   00000022   0xAA01             ADD      R2,SP,#+4
   \   00000024   0x0010             MOVS     R0,R2
     45            pu32Example = &u32Test;
   \   00000026   0xAA00             ADD      R2,SP,#+0
   \   00000028   0x0011             MOVS     R1,R2
     46          
     47            /* Access the variables via the pointers (two different ways) */
     48            *pu8Example += 1;
   \   0000002A   0x7802             LDRB     R2,[R0, #+0]
   \   0000002C   0x1C52             ADDS     R2,R2,#+1
   \   0000002E   0x7002             STRB     R2,[R0, #+0]
     49            (*pu32Example)++;
   \   00000030   0x680A             LDR      R2,[R1, #+0]
   \   00000032   0x1C52             ADDS     R2,R2,#+1
   \   00000034   0x600A             STR      R2,[R1, #+0]
     50          
     51            /* Move the pointers (watch out for the second one!) */
     52            pu8Example++;
   \   00000036   0x1C40             ADDS     R0,R0,#+1
     53            *pu32Example++;  
   \   00000038   0x1D09             ADDS     R1,R1,#+4
     54            
     55            while(1)
   \                     ??main_1: (+1)
   \   0000003A   0xE7FE             B.N      ??main_1
   \                     ??main_0:
   \   0000003C   0x........         DC32     ?_0
   \   00000040   0x........         DC32     ?_1
     56            {
     57              
     58            } /* end while(1) main loop */
     59            
     60          } /* end main() */

   \                                 In section .rodata, align 4
   \                     ?_0:
   \   00000000   0x00000005         DC32 5, 4, 3, 2, 1
   \              0x00000004   
   \              0x00000003   
   \              0x00000002   
   \              0x00000001   

   \                                 In section .rodata, align 4
   \                     ?_1:
   \   00000000   0x01 0x02          DC8 1, 2, 0, 0
   \              0x00 0x00    
     61          
     62          
     63          /***********************************************************************************************************************
     64          * Function definitions
     65          ***********************************************************************************************************************/
     66          
     67          
     68          /*--------------------------------------------------------------------------------------------------------------------*/
     69          /* End of File */
     70          /*--------------------------------------------------------------------------------------------------------------------*/
     71          #endif /* SOLUTION */

   Maximum stack usage in bytes:

   .cstack Function
   ------- --------
      40   main
        40   -> __aeabi_memcpy4


   Section sizes:

   Bytes  Function/Label
   -----  --------------
      20  ?_0
       4  ?_1
      68  main

 
 24 bytes in section .rodata
 68 bytes in section .text
 
 68 bytes of CODE  memory
 24 bytes of CONST memory

Errors: none
Warnings: 4
