###############################################################################
#
# IAR ANSI C/C++ Compiler V7.20.1.7305/W32 for ARM        27/Oct/2015  16:33:35
# Copyright 1999-2014 IAR Systems AB.
#
#    Cpu mode     =  thumb
#    Endian       =  little
#    Source file  =  
#        D:\MPG Source\Git\Razor_Atmel\firmware_mpgl1\application\main.c
#    Command line =  
#        "D:\MPG Source\Git\Razor_Atmel\firmware_mpgl1\application\main.c"
#        --preprocess=cl "D:\MPG
#        Source\Git\Razor_Atmel\firmware_mpgl1\iar_7_20_1\Debug\List\" -lC
#        "D:\MPG Source\Git\Razor_Atmel\firmware_mpgl1\iar_7_20_1\Debug\List\"
#        -o "D:\MPG
#        Source\Git\Razor_Atmel\firmware_mpgl1\iar_7_20_1\Debug\Obj\" --no_cse
#        --no_unroll --no_inline --no_code_motion --no_tbaa --no_clustering
#        --no_scheduling --debug --endian=little --cpu=Cortex-M3 -e --fpu=None
#        --dlib_config "C:\Program Files (x86)\IAR
#        Systems\EWARM_7_20_1\arm\INC\c\DLib_Config_Normal.h" -I "D:\MPG
#        Source\Git\Razor_Atmel\firmware_mpgl1\iar_7_20_1\" -I "D:\MPG
#        Source\Git\Razor_Atmel\firmware_mpgl1\iar_7_20_1\..\bsp\" -I "D:\MPG
#        Source\Git\Razor_Atmel\firmware_mpgl1\iar_7_20_1\..\drivers\" -I
#        "D:\MPG
#        Source\Git\Razor_Atmel\firmware_mpgl1\iar_7_20_1\..\application\" -I
#        "D:\MPG
#        Source\Git\Razor_Atmel\firmware_mpgl1\iar_7_20_1\..\..\firmware_mpg_common\"
#        -I "D:\MPG
#        Source\Git\Razor_Atmel\firmware_mpgl1\iar_7_20_1\..\..\firmware_mpg_common\application\"
#        -I "D:\MPG
#        Source\Git\Razor_Atmel\firmware_mpgl1\iar_7_20_1\..\..\firmware_mpg_common\cmsis\"
#        -I "D:\MPG
#        Source\Git\Razor_Atmel\firmware_mpgl1\iar_7_20_1\..\..\firmware_mpg_common\drivers\"
#        -On --use_c++_inline -I "C:\Program Files (x86)\IAR
#        Systems\EWARM_7_20_1\arm\CMSIS\Include\"
#    List file    =  
#        D:\MPG
#        Source\Git\Razor_Atmel\firmware_mpgl1\iar_7_20_1\Debug\List\main.lst
#    Object file  =  
#        D:\MPG
#        Source\Git\Razor_Atmel\firmware_mpgl1\iar_7_20_1\Debug\Obj\main.o
#
###############################################################################

D:\MPG Source\Git\Razor_Atmel\firmware_mpgl1\application\main.c
      1          /***********************************************************************************************************************
      2          File: main.c                                                                
      3          
      4          Description:
      5          Container for the MPG firmware.  
      6          ***********************************************************************************************************************/
      7          
      8          #include "configuration.h"
      9          
     10          /***********************************************************************************************************************
     11          Global variable definitions with scope across entire project.
     12          All Global variable names shall start with "G_"
     13          ***********************************************************************************************************************/
     14          /* New variables */
     15          
     16          /*--------------------------------------------------------------------------------------------------------------------*/
     17          /* External global variables defined in other files (must indicate which file they are defined in) */
     18          
     19          
     20          /***********************************************************************************************************************
     21          Global variable definitions with scope limited to this local application.
     22          Variable names shall start with "Main_" and be declared as static.
     23          ***********************************************************************************************************************/
     24          
     25          
     26          /***********************************************************************************************************************
     27          Main Program
     28          ***********************************************************************************************************************/
     29          

   \                                 In section .text, align 2, keep-with-next
     30          void main(void)
     31          {
     32            while(1)
   \                     main: (+1)
   \                     ??main_0: (+1)
   \   00000000   0xE7FE             B.N      ??main_0
     33            {
     34              
     35            } /* end while(1) main loop */
     36            
     37          } /* end main() */
     38          
     39          
     40          /*--------------------------------------------------------------------------------------------------------------------*/
     41          /* End of File */
     42          /*--------------------------------------------------------------------------------------------------------------------*/

   Maximum stack usage in bytes:

   .cstack Function
   ------- --------
       0   main


   Section sizes:

   Bytes  Function/Label
   -----  --------------
       2  main

 
 2 bytes in section .text
 
 2 bytes of CODE memory

Errors: none
Warnings: none
