###############################################################################
#
# IAR ANSI C/C++ Compiler V7.20.1.7305/W32 for ARM        26/Oct/2015  20:56:53
# Copyright 1999-2014 IAR Systems AB.
#
#    Cpu mode     =  thumb
#    Endian       =  little
#    Source file  =  
#        D:\MPG Source\Git\Razor_Atmel\firmware_mpgl1\bsp\mpgl1-ehdw-03.c
#    Command line =  
#        "D:\MPG Source\Git\Razor_Atmel\firmware_mpgl1\bsp\mpgl1-ehdw-03.c"
#        --preprocess=cl "D:\MPG
#        Source\Git\Razor_Atmel\firmware_mpgl1\iar_7_20_1\Debug\List\" -lC
#        "D:\MPG Source\Git\Razor_Atmel\firmware_mpgl1\iar_7_20_1\Debug\List\"
#        -o "D:\MPG
#        Source\Git\Razor_Atmel\firmware_mpgl1\iar_7_20_1\Debug\Obj\" --no_cse
#        --no_unroll --no_inline --no_code_motion --no_tbaa --no_clustering
#        --no_scheduling --debug --endian=little --cpu=Cortex-M3 -e --fpu=None
#        --dlib_config "C:\Program Files (x86)\IAR
#        Systems\EWARM_7_20_1\arm\INC\c\DLib_Config_Normal.h" -I "D:\MPG
#        Source\Git\Razor_Atmel\firmware_mpgl1\iar_7_20_1\" -I "D:\MPG
#        Source\Git\Razor_Atmel\firmware_mpgl1\iar_7_20_1\..\bsp\" -I "D:\MPG
#        Source\Git\Razor_Atmel\firmware_mpgl1\iar_7_20_1\..\drivers\" -I
#        "D:\MPG
#        Source\Git\Razor_Atmel\firmware_mpgl1\iar_7_20_1\..\application\" -I
#        "D:\MPG
#        Source\Git\Razor_Atmel\firmware_mpgl1\iar_7_20_1\..\..\firmware_mpg_common\"
#        -I "D:\MPG
#        Source\Git\Razor_Atmel\firmware_mpgl1\iar_7_20_1\..\..\firmware_mpg_common\application\"
#        -I "D:\MPG
#        Source\Git\Razor_Atmel\firmware_mpgl1\iar_7_20_1\..\..\firmware_mpg_common\cmsis\"
#        -I "D:\MPG
#        Source\Git\Razor_Atmel\firmware_mpgl1\iar_7_20_1\..\..\firmware_mpg_common\drivers\"
#        -On --use_c++_inline -I "C:\Program Files (x86)\IAR
#        Systems\EWARM_7_20_1\arm\CMSIS\Include\"
#    List file    =  
#        D:\MPG
#        Source\Git\Razor_Atmel\firmware_mpgl1\iar_7_20_1\Debug\List\mpgl1-ehdw-03.lst
#    Object file  =  
#        D:\MPG
#        Source\Git\Razor_Atmel\firmware_mpgl1\iar_7_20_1\Debug\Obj\mpgl1-ehdw-03.o
#
###############################################################################

D:\MPG Source\Git\Razor_Atmel\firmware_mpgl1\bsp\mpgl1-ehdw-03.c
      1          /***********************************************************************************************************************
      2          File: mpgl1-ehdw-03.c                                                                
      3          
      4          Description:
      5          This file provides core and GPIO functions for the mpgl1-ehdw-03 board.
      6          ***********************************************************************************************************************/
      7          
      8          #include "configuration.h"
      9          
     10          /***********************************************************************************************************************
     11          Global variable definitions with scope across entire project.
     12          All Global variable names shall start with "G_"
     13          ***********************************************************************************************************************/
     14          /* New variables */

   \                                 In section .bss, align 4
     15          volatile u32 G_u32SystemTime1ms;                       /* Global system time incremented every ms, max 2^32 (~49 days) */
   \                     G_u32SystemTime1ms:
   \   00000000                      DS8 4

   \                                 In section .bss, align 4
     16          volatile u32 G_u32SystemTime1s;                        /* Global system time incremented every second, max 2^32 (~136 years) */
   \                     G_u32SystemTime1s:
   \   00000000                      DS8 4
     17          
     18          /*--------------------------------------------------------------------------------------------------------------------*/
     19          /* Existing variables (defined in other files -- should all contain the "extern" keyword) */
     20          
     21          
     22          /***********************************************************************************************************************
     23          Global variable definitions with scope limited to this local application.
     24          Variable names shall start with "Bsp_" and be declared as static.
     25          ***********************************************************************************************************************/
     26          
     27          
     28          /***********************************************************************************************************************
     29          Function Definitions
     30          ***********************************************************************************************************************/
     31          
     32          /*--------------------------------------------------------------------------------------------------------------------*/
     33          /* Public Functions */
     34          /*--------------------------------------------------------------------------------------------------------------------*/
     35          
     36          
     37          /*--------------------------------------------------------------------------------------------------------------------*/
     38          /* Protected Functions */
     39          /*--------------------------------------------------------------------------------------------------------------------*/
     40          
     41          
     42          /*--------------------------------------------------------------------------------------------------------------------*/
     43          /* End of File */
     44          /*--------------------------------------------------------------------------------------------------------------------*/
     45          
     46          
     47          


   Section sizes:

   Bytes  Function/Label
   -----  --------------
       4  G_u32SystemTime1ms
       4  G_u32SystemTime1s

 
 8 bytes in section .bss
 
 8 bytes of DATA memory

Errors: none
Warnings: none
