###############################################################################
#
# IAR ELF Linker V7.20.1.7305/W32 for ARM                 28/Oct/2015  18:28:13
# Copyright 2007-2014 IAR Systems AB.
#
#    Output file  =  
#        D:\MPG
#        Source\Git\Razor_Atmel\firmware_mpgl1\iar_7_20_1\Debug\Exe\mpgl1.out
#    Map file     =  
#        D:\MPG
#        Source\Git\Razor_Atmel\firmware_mpgl1\iar_7_20_1\Debug\List\mpgl1.map
#    Command line =  
#        "D:\MPG
#        Source\Git\Razor_Atmel\firmware_mpgl1\iar_7_20_1\Debug\Obj\board_cstartup_iar.o"
#        "D:\MPG
#        Source\Git\Razor_Atmel\firmware_mpgl1\iar_7_20_1\Debug\Obj\core_cm3.o"
#        "D:\MPG
#        Source\Git\Razor_Atmel\firmware_mpgl1\iar_7_20_1\Debug\Obj\exceptions.o"
#        "D:\MPG
#        Source\Git\Razor_Atmel\firmware_mpgl1\iar_7_20_1\Debug\Obj\main.o"
#        "D:\MPG
#        Source\Git\Razor_Atmel\firmware_mpgl1\iar_7_20_1\Debug\Obj\main_solution.o"
#        "D:\MPG
#        Source\Git\Razor_Atmel\firmware_mpgl1\iar_7_20_1\Debug\Obj\utilities.o"
#        --redirect _Printf=_PrintfTiny --redirect _Scanf=_ScanfSmallNoMb -o
#        "D:\MPG
#        Source\Git\Razor_Atmel\firmware_mpgl1\iar_7_20_1\Debug\Exe\mpgl1.out"
#        --map "D:\MPG
#        Source\Git\Razor_Atmel\firmware_mpgl1\iar_7_20_1\Debug\List\mpgl1.map"
#        --log initialization,modules,sections --log_file "D:\MPG
#        Source\Git\Razor_Atmel\firmware_mpgl1\iar_7_20_1\Debug\List\mpgl1.log"
#        --config "D:\MPG
#        Source\Git\Razor_Atmel\firmware_mpgl1\iar_7_20_1\..\..\firmware_mpg_common\sam3u2-flash.icf"
#        --semihosting --entry __iar_program_start --vfe
#
###############################################################################

*******************************************************************************
*** RUNTIME MODEL ATTRIBUTES
***

CppFlavor       = *
__SystemLibrary = DLib


*******************************************************************************
*** PLACEMENT SUMMARY
***

"A1":  place at 0x00080000 { ro section .intvec };
"P1":  place in [from 0x00080000 to 0x0009ffff] { ro };
"P3":  place in [from 0x20080000 to 0x20083fff] { block CSTACK };

  Section    Kind        Address    Size  Object
  -------    ----        -------    ----  ------
"A1":                               0xbc
  .intvec             0x00080000    0xbc  <Block>
    .intvec  const    0x00080000    0xbc  board_cstartup_iar.o [1]
                    - 0x000800bc    0xbc

"P1":                              0x160
  .text      ro code  0x000800bc    0x56  ABImemcpy_unaligned.o [4]
  .text      ro code  0x00080112    0x4e  exceptions.o [1]
  .text      ro code  0x00080160    0x44  main.o [1]
  .text      ro code  0x000801a4    0x1a  cmain.o [4]
  .text      ro code  0x000801c0    0x14  board_cstartup_iar.o [1]
  .text      ro code  0x000801d4     0x4  exit.o [3]
  .text      ro code  0x000801d8     0xa  cexit.o [4]
  .text      ro code  0x000801e4    0x14  exit.o [5]
  .rodata    const    0x000801f8    0x14  main.o [1]
  .text      ro code  0x0008020c     0xc  cstartup_M.o [4]
  .rodata    const    0x00080218     0x4  main.o [1]
                    - 0x0008021c   0x160

"P3":                             0x2000
  CSTACK              0x20080000  0x2000  <Block>
    CSTACK   uninit   0x20080000  0x2000  <Block tail>
                    - 0x20082000  0x2000



*******************************************************************************
*** MODULE SUMMARY
***

    Module                 ro code  ro data  rw data
    ------                 -------  -------  -------
D:\MPG Source\Git\Razor_Atmel\firmware_mpgl1\iar_7_20_1\Debug\Obj: [1]
    board_cstartup_iar.o        20      188
    exceptions.o                78
    main.o                      68       24
    ------------------------------------------------
    Total:                     166      212

command line: [2]
    ------------------------------------------------
    Total:

dl7M_tln.a: [3]
    exit.o                       4
    ------------------------------------------------
    Total:                       4

rt7M_tl.a: [4]
    ABImemcpy_unaligned.o       86
    cexit.o                     10
    cmain.o                     26
    cstartup_M.o                12
    ------------------------------------------------
    Total:                     134

shb_l.a: [5]
    exit.o                      20
    ------------------------------------------------
    Total:                      20

    Gaps                         4
    Linker created                             8 192
----------------------------------------------------
    Grand Total:               328      212    8 192


*******************************************************************************
*** ENTRY LIST
***

Entry                    Address  Size  Type      Object
-----                    -------  ----  ----      ------
.intvec$$Base         0x00080000         --   Gb  - Linker created -
.intvec$$Limit        0x000800bc         --   Gb  - Linker created -
?main                 0x000801a5        Code  Gb  cmain.o [4]
ADCC0_IrqHandler      0x00080159   0x2  Code  Wk  exceptions.o [1]
ADCC1_IrqHandler      0x0008015b   0x2  Code  Wk  exceptions.o [1]
BusFault_Handler      0x0008011b   0x2  Code  Wk  exceptions.o [1]
CSTACK$$Base          0x20080000         --   Gb  - Linker created -
CSTACK$$Limit         0x20082000         --   Gb  - Linker created -
DBGU_IrqHandler       0x00080137   0x2  Code  Wk  exceptions.o [1]
DebugMon_Handler      0x00080121   0x2  Code  Wk  exceptions.o [1]
EFC0_IrqHandler       0x00080133   0x2  Code  Wk  exceptions.o [1]
EFC1_IrqHandler       0x00080135   0x2  Code  Wk  exceptions.o [1]
HDMA_IrqHandler       0x0008015d   0x2  Code  Wk  exceptions.o [1]
HSMC4_IrqHandler      0x00080139   0x2  Code  Wk  exceptions.o [1]
HardFault_Handler     0x00080117   0x2  Code  Wk  exceptions.o [1]
IrqHandlerNotUsed     0x00080113   0x2  Code  Gb  exceptions.o [1]
MCI0_IrqHandler       0x00080147   0x2  Code  Wk  exceptions.o [1]
MemManage_Handler     0x00080119   0x2  Code  Wk  exceptions.o [1]
NMI_Handler           0x00080115   0x2  Code  Wk  exceptions.o [1]
PIOA_IrqHandler       0x0008013b   0x2  Code  Wk  exceptions.o [1]
PIOB_IrqHandler       0x0008013d   0x2  Code  Wk  exceptions.o [1]
PIOC_IrqHandler       0x0008013f   0x2  Code  Wk  exceptions.o [1]
PMC_IrqHandler        0x00080131   0x2  Code  Wk  exceptions.o [1]
PWM_IrqHandler        0x00080157   0x2  Code  Wk  exceptions.o [1]
PendSV_Handler        0x00080123   0x2  Code  Wk  exceptions.o [1]
RSTC_IrqHandler       0x00080129   0x2  Code  Wk  exceptions.o [1]
RTC_IrqHandler        0x0008012b   0x2  Code  Wk  exceptions.o [1]
RTT_IrqHandler        0x0008012d   0x2  Code  Wk  exceptions.o [1]
Region$$Table$$Base   0x00000000         --   Gb  - Linker created -
Region$$Table$$Limit  0x00000000         --   Gb  - Linker created -
SPI0_IrqHandler       0x0008014d   0x2  Code  Wk  exceptions.o [1]
SSC0_IrqHandler       0x0008014f   0x2  Code  Wk  exceptions.o [1]
SUPC_IrqHandler       0x00080127   0x2  Code  Wk  exceptions.o [1]
SVC_Handler           0x0008011f   0x2  Code  Wk  exceptions.o [1]
SysTick_Handler       0x00080125   0x2  Code  Wk  exceptions.o [1]
TC0_IrqHandler        0x00080151   0x2  Code  Wk  exceptions.o [1]
TC1_IrqHandler        0x00080153   0x2  Code  Wk  exceptions.o [1]
TC2_IrqHandler        0x00080155   0x2  Code  Wk  exceptions.o [1]
TWI0_IrqHandler       0x00080149   0x2  Code  Wk  exceptions.o [1]
TWI1_IrqHandler       0x0008014b   0x2  Code  Wk  exceptions.o [1]
UDPD_IrqHandler       0x0008015f   0x2  Code  Wk  exceptions.o [1]
USART0_IrqHandler     0x00080141   0x2  Code  Wk  exceptions.o [1]
USART2_IrqHandler     0x00080143   0x2  Code  Wk  exceptions.o [1]
USART3_IrqHandler     0x00080145   0x2  Code  Wk  exceptions.o [1]
UsageFault_Handler    0x0008011d   0x2  Code  Wk  exceptions.o [1]
WDT_IrqHandler        0x0008012f   0x2  Code  Wk  exceptions.o [1]
__ICFEDIT_intvec_start__ {Abs}
                      0x00080000         --   Gb  command line/config [2]
__as_entries_start    0xffffffff         --   Gb  command line/config [2]
__as_table_start      0xffffffff         --   Gb  command line/config [2]
__cmain               0x000801a5        Code  Gb  cmain.o [4]
__exit                0x000801e5  0x14  Code  Gb  exit.o [5]
__iar_program_start   0x0008020d        Code  Gb  cstartup_M.o [4]
__iar_unaligned___aeabi_memcpy4
                      0x000800bd        Code  Gb  ABImemcpy_unaligned.o [4]
__iar_unaligned___aeabi_memcpy8
                      0x000800bd        Code  Gb  ABImemcpy_unaligned.o [4]
__low_level_init      0x000801c1  0x14  Code  Gb  board_cstartup_iar.o [1]
__vector_table        0x00080000  0xbc  Data  Gb  board_cstartup_iar.o [1]
_call_main            0x000801b1        Code  Gb  cmain.o [4]
_exit                 0x000801d9        Code  Gb  cexit.o [4]
_main                 0x000801bb        Code  Gb  cmain.o [4]
exit                  0x000801d5   0x4  Code  Gb  exit.o [3]
main                  0x00080161  0x44  Code  Gb  main.o [1]


[1] = D:\MPG Source\Git\Razor_Atmel\firmware_mpgl1\iar_7_20_1\Debug\Obj
[2] = command line
[3] = dl7M_tln.a
[4] = rt7M_tl.a
[5] = shb_l.a

    328 bytes of readonly  code memory
    212 bytes of readonly  data memory
  8 192 bytes of readwrite data memory

Errors: none
Warnings: none
