###############################################################################
#
# IAR ELF Linker V7.20.1.7305/W32 for ARM                 06/Mar/2016  15:25:45
# Copyright 2007-2014 IAR Systems AB.
#
#    Output file  =  
#        D:\MPG\mpg_source\Git\Razor_Atmel\firmware_mpgl1\iar_7_20_1\Debug\Exe\mpgl1.out
#    Map file     =  
#        D:\MPG\mpg_source\Git\Razor_Atmel\firmware_mpgl1\iar_7_20_1\Debug\List\mpgl1.map
#    Command line =  
#        D:\MPG\mpg_source\Git\Razor_Atmel\firmware_mpgl1\iar_7_20_1\Debug\Obj\board_cstartup_iar.o
#        D:\MPG\mpg_source\Git\Razor_Atmel\firmware_mpgl1\iar_7_20_1\Debug\Obj\core_cm3.o
#        D:\MPG\mpg_source\Git\Razor_Atmel\firmware_mpgl1\iar_7_20_1\Debug\Obj\exceptions.o
#        D:\MPG\mpg_source\Git\Razor_Atmel\firmware_mpgl1\iar_7_20_1\Debug\Obj\main.o
#        D:\MPG\mpg_source\Git\Razor_Atmel\firmware_mpgl1\iar_7_20_1\Debug\Obj\main_solution.o
#        D:\MPG\mpg_source\Git\Razor_Atmel\firmware_mpgl1\iar_7_20_1\Debug\Obj\utilities.o
#        --redirect _Printf=_PrintfTiny --redirect _Scanf=_ScanfSmallNoMb -o
#        D:\MPG\mpg_source\Git\Razor_Atmel\firmware_mpgl1\iar_7_20_1\Debug\Exe\mpgl1.out
#        --map
#        D:\MPG\mpg_source\Git\Razor_Atmel\firmware_mpgl1\iar_7_20_1\Debug\List\mpgl1.map
#        --log initialization,modules,sections --log_file
#        D:\MPG\mpg_source\Git\Razor_Atmel\firmware_mpgl1\iar_7_20_1\Debug\List\mpgl1.log
#        --config
#        D:\MPG\mpg_source\Git\Razor_Atmel\firmware_mpgl1\iar_7_20_1\..\..\firmware_mpg_common\sam3u2-flash.icf
#        --semihosting --entry __iar_program_start --vfe
#
###############################################################################

*******************************************************************************
*** RUNTIME MODEL ATTRIBUTES
***

CppFlavor       = *
__SystemLibrary = DLib


*******************************************************************************
*** PLACEMENT SUMMARY
***

"A1":  place at 0x00080000 { ro section .intvec };
"P1":  place in [from 0x00080000 to 0x0009ffff] { ro };
"P3":  place in [from 0x20080000 to 0x20083fff] { block CSTACK };

  Section    Kind        Address    Size  Object
  -------    ----        -------    ----  ------
"A1":                               0xbc
  .intvec             0x00080000    0xbc  <Block>
    .intvec  const    0x00080000    0xbc  board_cstartup_iar.o [1]
                    - 0x000800bc    0xbc

"P1":                               0xb4
  .text      ro code  0x000800bc    0x4e  exceptions.o [1]
  .text      ro code  0x0008010c    0x1a  cmain.o [4]
  .text      ro code  0x00080128    0x14  board_cstartup_iar.o [1]
  .text      ro code  0x0008013c     0x2  main.o [1]
  .text      ro code  0x0008013e     0x4  exit.o [3]
  .text      ro code  0x00080144     0xa  cexit.o [4]
  .text      ro code  0x00080150    0x14  exit.o [5]
  .text      ro code  0x00080164     0xc  cstartup_M.o [4]
                    - 0x00080170    0xb4

"P3":                             0x2000
  CSTACK              0x20080000  0x2000  <Block>
    CSTACK   uninit   0x20080000  0x2000  <Block tail>
                    - 0x20082000  0x2000



*******************************************************************************
*** MODULE SUMMARY
***

    Module                ro code  ro data  rw data
    ------                -------  -------  -------
D:\MPG\mpg_source\Git\Razor_Atmel\firmware_mpgl1\iar_7_20_1\Debug\Obj: [1]
    board_cstartup_iar.o       20      188
    exceptions.o               78
    main.o                      2
    -----------------------------------------------
    Total:                    100      188

command line: [2]
    -----------------------------------------------
    Total:

dl7M_tln.a: [3]
    exit.o                      4
    -----------------------------------------------
    Total:                      4

rt7M_tl.a: [4]
    cexit.o                    10
    cmain.o                    26
    cstartup_M.o               12
    -----------------------------------------------
    Total:                     48

shb_l.a: [5]
    exit.o                     20
    -----------------------------------------------
    Total:                     20

    Gaps                        8
    Linker created                            8 192
---------------------------------------------------
    Grand Total:              180      188    8 192


*******************************************************************************
*** ENTRY LIST
***

Entry                    Address  Size  Type      Object
-----                    -------  ----  ----      ------
.intvec$$Base         0x00080000         --   Gb  - Linker created -
.intvec$$Limit        0x000800bc         --   Gb  - Linker created -
?main                 0x0008010d        Code  Gb  cmain.o [4]
ADCC0_IrqHandler      0x00080103   0x2  Code  Wk  exceptions.o [1]
ADCC1_IrqHandler      0x00080105   0x2  Code  Wk  exceptions.o [1]
BusFault_Handler      0x000800c5   0x2  Code  Wk  exceptions.o [1]
CSTACK$$Base          0x20080000         --   Gb  - Linker created -
CSTACK$$Limit         0x20082000         --   Gb  - Linker created -
DBGU_IrqHandler       0x000800e1   0x2  Code  Wk  exceptions.o [1]
DebugMon_Handler      0x000800cb   0x2  Code  Wk  exceptions.o [1]
EFC0_IrqHandler       0x000800dd   0x2  Code  Wk  exceptions.o [1]
EFC1_IrqHandler       0x000800df   0x2  Code  Wk  exceptions.o [1]
HDMA_IrqHandler       0x00080107   0x2  Code  Wk  exceptions.o [1]
HSMC4_IrqHandler      0x000800e3   0x2  Code  Wk  exceptions.o [1]
HardFault_Handler     0x000800c1   0x2  Code  Wk  exceptions.o [1]
IrqHandlerNotUsed     0x000800bd   0x2  Code  Gb  exceptions.o [1]
MCI0_IrqHandler       0x000800f1   0x2  Code  Wk  exceptions.o [1]
MemManage_Handler     0x000800c3   0x2  Code  Wk  exceptions.o [1]
NMI_Handler           0x000800bf   0x2  Code  Wk  exceptions.o [1]
PIOA_IrqHandler       0x000800e5   0x2  Code  Wk  exceptions.o [1]
PIOB_IrqHandler       0x000800e7   0x2  Code  Wk  exceptions.o [1]
PIOC_IrqHandler       0x000800e9   0x2  Code  Wk  exceptions.o [1]
PMC_IrqHandler        0x000800db   0x2  Code  Wk  exceptions.o [1]
PWM_IrqHandler        0x00080101   0x2  Code  Wk  exceptions.o [1]
PendSV_Handler        0x000800cd   0x2  Code  Wk  exceptions.o [1]
RSTC_IrqHandler       0x000800d3   0x2  Code  Wk  exceptions.o [1]
RTC_IrqHandler        0x000800d5   0x2  Code  Wk  exceptions.o [1]
RTT_IrqHandler        0x000800d7   0x2  Code  Wk  exceptions.o [1]
Region$$Table$$Base   0x00000000         --   Gb  - Linker created -
Region$$Table$$Limit  0x00000000         --   Gb  - Linker created -
SPI0_IrqHandler       0x000800f7   0x2  Code  Wk  exceptions.o [1]
SSC0_IrqHandler       0x000800f9   0x2  Code  Wk  exceptions.o [1]
SUPC_IrqHandler       0x000800d1   0x2  Code  Wk  exceptions.o [1]
SVC_Handler           0x000800c9   0x2  Code  Wk  exceptions.o [1]
SysTick_Handler       0x000800cf   0x2  Code  Wk  exceptions.o [1]
TC0_IrqHandler        0x000800fb   0x2  Code  Wk  exceptions.o [1]
TC1_IrqHandler        0x000800fd   0x2  Code  Wk  exceptions.o [1]
TC2_IrqHandler        0x000800ff   0x2  Code  Wk  exceptions.o [1]
TWI0_IrqHandler       0x000800f3   0x2  Code  Wk  exceptions.o [1]
TWI1_IrqHandler       0x000800f5   0x2  Code  Wk  exceptions.o [1]
UDPD_IrqHandler       0x00080109   0x2  Code  Wk  exceptions.o [1]
USART0_IrqHandler     0x000800eb   0x2  Code  Wk  exceptions.o [1]
USART2_IrqHandler     0x000800ed   0x2  Code  Wk  exceptions.o [1]
USART3_IrqHandler     0x000800ef   0x2  Code  Wk  exceptions.o [1]
UsageFault_Handler    0x000800c7   0x2  Code  Wk  exceptions.o [1]
WDT_IrqHandler        0x000800d9   0x2  Code  Wk  exceptions.o [1]
__ICFEDIT_intvec_start__ {Abs}
                      0x00080000         --   Gb  command line/config [2]
__as_entries_start    0xffffffff         --   Gb  command line/config [2]
__as_table_start      0xffffffff         --   Gb  command line/config [2]
__cmain               0x0008010d        Code  Gb  cmain.o [4]
__exit                0x00080151  0x14  Code  Gb  exit.o [5]
__iar_program_start   0x00080165        Code  Gb  cstartup_M.o [4]
__low_level_init      0x00080129  0x14  Code  Gb  board_cstartup_iar.o [1]
__vector_table        0x00080000  0xbc  Data  Gb  board_cstartup_iar.o [1]
_call_main            0x00080119        Code  Gb  cmain.o [4]
_exit                 0x00080145        Code  Gb  cexit.o [4]
_main                 0x00080123        Code  Gb  cmain.o [4]
exit                  0x0008013f   0x4  Code  Gb  exit.o [3]
main                  0x0008013d   0x2  Code  Gb  main.o [1]


[1] = D:\MPG\mpg_source\Git\Razor_Atmel\firmware_mpgl1\iar_7_20_1\Debug\Obj
[2] = command line
[3] = dl7M_tln.a
[4] = rt7M_tl.a
[5] = shb_l.a

    180 bytes of readonly  code memory
    188 bytes of readonly  data memory
  8 192 bytes of readwrite data memory

Errors: none
Warnings: none
